Archive member included to satisfy reference by file (symbol)

/Applications/STM32CubeIDE.app/Contents/Eclipse/plugins/com.st.stm32cube.ide.mcu.externaltools.gnu-tools-for-stm32.10.3-2021.10.macos64_1.0.0.202111181127/tools/bin/../lib/gcc/arm-none-eabi/10.3.1/../../../../arm-none-eabi/lib/thumb/v7e-m+fp/hard/libc_nano.a(lib_a-errno.o)
                              ./Core/Src/syscalls.o (__errno)
/Applications/STM32CubeIDE.app/Contents/Eclipse/plugins/com.st.stm32cube.ide.mcu.externaltools.gnu-tools-for-stm32.10.3-2021.10.macos64_1.0.0.202111181127/tools/bin/../lib/gcc/arm-none-eabi/10.3.1/../../../../arm-none-eabi/lib/thumb/v7e-m+fp/hard/libc_nano.a(lib_a-exit.o)
                              /Applications/STM32CubeIDE.app/Contents/Eclipse/plugins/com.st.stm32cube.ide.mcu.externaltools.gnu-tools-for-stm32.10.3-2021.10.macos64_1.0.0.202111181127/tools/bin/../lib/gcc/arm-none-eabi/10.3.1/../../../../arm-none-eabi/lib/thumb/v7e-m+fp/hard/crt0.o (exit)
/Applications/STM32CubeIDE.app/Contents/Eclipse/plugins/com.st.stm32cube.ide.mcu.externaltools.gnu-tools-for-stm32.10.3-2021.10.macos64_1.0.0.202111181127/tools/bin/../lib/gcc/arm-none-eabi/10.3.1/../../../../arm-none-eabi/lib/thumb/v7e-m+fp/hard/libc_nano.a(lib_a-impure.o)
                              /Applications/STM32CubeIDE.app/Contents/Eclipse/plugins/com.st.stm32cube.ide.mcu.externaltools.gnu-tools-for-stm32.10.3-2021.10.macos64_1.0.0.202111181127/tools/bin/../lib/gcc/arm-none-eabi/10.3.1/../../../../arm-none-eabi/lib/thumb/v7e-m+fp/hard/libc_nano.a(lib_a-exit.o) (_global_impure_ptr)
/Applications/STM32CubeIDE.app/Contents/Eclipse/plugins/com.st.stm32cube.ide.mcu.externaltools.gnu-tools-for-stm32.10.3-2021.10.macos64_1.0.0.202111181127/tools/bin/../lib/gcc/arm-none-eabi/10.3.1/../../../../arm-none-eabi/lib/thumb/v7e-m+fp/hard/libc_nano.a(lib_a-init.o)
                              /Applications/STM32CubeIDE.app/Contents/Eclipse/plugins/com.st.stm32cube.ide.mcu.externaltools.gnu-tools-for-stm32.10.3-2021.10.macos64_1.0.0.202111181127/tools/bin/../lib/gcc/arm-none-eabi/10.3.1/../../../../arm-none-eabi/lib/thumb/v7e-m+fp/hard/crt0.o (__libc_init_array)
/Applications/STM32CubeIDE.app/Contents/Eclipse/plugins/com.st.stm32cube.ide.mcu.externaltools.gnu-tools-for-stm32.10.3-2021.10.macos64_1.0.0.202111181127/tools/bin/../lib/gcc/arm-none-eabi/10.3.1/../../../../arm-none-eabi/lib/thumb/v7e-m+fp/hard/libc_nano.a(lib_a-memcpy-stub.o)
                              ./Core/Src/usbd_cdc_if.o (memcpy)
/Applications/STM32CubeIDE.app/Contents/Eclipse/plugins/com.st.stm32cube.ide.mcu.externaltools.gnu-tools-for-stm32.10.3-2021.10.macos64_1.0.0.202111181127/tools/bin/../lib/gcc/arm-none-eabi/10.3.1/../../../../arm-none-eabi/lib/thumb/v7e-m+fp/hard/libc_nano.a(lib_a-memset.o)
                              /Applications/STM32CubeIDE.app/Contents/Eclipse/plugins/com.st.stm32cube.ide.mcu.externaltools.gnu-tools-for-stm32.10.3-2021.10.macos64_1.0.0.202111181127/tools/bin/../lib/gcc/arm-none-eabi/10.3.1/../../../../arm-none-eabi/lib/thumb/v7e-m+fp/hard/crt0.o (memset)
/Applications/STM32CubeIDE.app/Contents/Eclipse/plugins/com.st.stm32cube.ide.mcu.externaltools.gnu-tools-for-stm32.10.3-2021.10.macos64_1.0.0.202111181127/tools/bin/../lib/gcc/arm-none-eabi/10.3.1/thumb/v7e-m+fp/hard/libgcc.a(_aeabi_uldivmod.o)
                              ./Drivers/STM32F4xx_HAL_Driver/Src/stm32f4xx_hal_rcc.o (__aeabi_uldivmod)
/Applications/STM32CubeIDE.app/Contents/Eclipse/plugins/com.st.stm32cube.ide.mcu.externaltools.gnu-tools-for-stm32.10.3-2021.10.macos64_1.0.0.202111181127/tools/bin/../lib/gcc/arm-none-eabi/10.3.1/thumb/v7e-m+fp/hard/libgcc.a(_udivmoddi4.o)
                              /Applications/STM32CubeIDE.app/Contents/Eclipse/plugins/com.st.stm32cube.ide.mcu.externaltools.gnu-tools-for-stm32.10.3-2021.10.macos64_1.0.0.202111181127/tools/bin/../lib/gcc/arm-none-eabi/10.3.1/thumb/v7e-m+fp/hard/libgcc.a(_aeabi_uldivmod.o) (__udivmoddi4)
/Applications/STM32CubeIDE.app/Contents/Eclipse/plugins/com.st.stm32cube.ide.mcu.externaltools.gnu-tools-for-stm32.10.3-2021.10.macos64_1.0.0.202111181127/tools/bin/../lib/gcc/arm-none-eabi/10.3.1/thumb/v7e-m+fp/hard/libgcc.a(_dvmd_tls.o)
                              /Applications/STM32CubeIDE.app/Contents/Eclipse/plugins/com.st.stm32cube.ide.mcu.externaltools.gnu-tools-for-stm32.10.3-2021.10.macos64_1.0.0.202111181127/tools/bin/../lib/gcc/arm-none-eabi/10.3.1/thumb/v7e-m+fp/hard/libgcc.a(_aeabi_uldivmod.o) (__aeabi_ldiv0)

Discarded input sections

 .text          0x0000000000000000        0x0 /Applications/STM32CubeIDE.app/Contents/Eclipse/plugins/com.st.stm32cube.ide.mcu.externaltools.gnu-tools-for-stm32.10.3-2021.10.macos64_1.0.0.202111181127/tools/bin/../lib/gcc/arm-none-eabi/10.3.1/thumb/v7e-m+fp/hard/crti.o
[...]
Memory Configuration

Name             Origin             Length             Attributes
RAM              0x0000000020000000 0x0000000000020000 xrw
FLASH            0x0000000008000000 0x0000000000080000 xr
*default*        0x0000000000000000 0xffffffffffffffff

Linker script and memory map

LOAD /Applications/STM32CubeIDE.app/Contents/Eclipse/plugins/com.st.stm32cube.ide.mcu.externaltools.gnu-tools-for-stm32.10.3-2021.10.macos64_1.0.0.202111181127/tools/bin/../lib/gcc/arm-none-eabi/10.3.1/thumb/v7e-m+fp/hard/crti.o
LOAD /Applications/STM32CubeIDE.app/Contents/Eclipse/plugins/com.st.stm32cube.ide.mcu.externaltools.gnu-tools-for-stm32.10.3-2021.10.macos64_1.0.0.202111181127/tools/bin/../lib/gcc/arm-none-eabi/10.3.1/thumb/v7e-m+fp/hard/crtbegin.o
LOAD /Applications/STM32CubeIDE.app/Contents/Eclipse/plugins/com.st.stm32cube.ide.mcu.externaltools.gnu-tools-for-stm32.10.3-2021.10.macos64_1.0.0.202111181127/tools/bin/../lib/gcc/arm-none-eabi/10.3.1/../../../../arm-none-eabi/lib/thumb/v7e-m+fp/hard/crt0.o
LOAD ./Core/Src/main.o
LOAD ./Core/Src/stm32f4xx_hal_msp.o
LOAD ./Core/Src/stm32f4xx_it.o
LOAD ./Core/Src/syscalls.o
LOAD ./Core/Src/sysmem.o
LOAD ./Core/Src/system_stm32f4xx.o
LOAD ./Core/Src/usbd_cdc_if.o
LOAD ./Core/Startup/startup_stm32f446retx.o
LOAD ./Drivers/STM32F4xx_HAL_Driver/Src/stm32f4xx_hal.o
LOAD ./Drivers/STM32F4xx_HAL_Driver/Src/stm32f4xx_hal_cortex.o
LOAD ./Drivers/STM32F4xx_HAL_Driver/Src/stm32f4xx_hal_dma.o
LOAD ./Drivers/STM32F4xx_HAL_Driver/Src/stm32f4xx_hal_dma_ex.o
LOAD ./Drivers/STM32F4xx_HAL_Driver/Src/stm32f4xx_hal_exti.o
LOAD ./Drivers/STM32F4xx_HAL_Driver/Src/stm32f4xx_hal_flash.o
LOAD ./Drivers/STM32F4xx_HAL_Driver/Src/stm32f4xx_hal_flash_ex.o
LOAD ./Drivers/STM32F4xx_HAL_Driver/Src/stm32f4xx_hal_flash_ramfunc.o
LOAD ./Drivers/STM32F4xx_HAL_Driver/Src/stm32f4xx_hal_gpio.o
LOAD ./Drivers/STM32F4xx_HAL_Driver/Src/stm32f4xx_hal_pcd.o
LOAD ./Drivers/STM32F4xx_HAL_Driver/Src/stm32f4xx_hal_pcd_ex.o
LOAD ./Drivers/STM32F4xx_HAL_Driver/Src/stm32f4xx_hal_pwr.o
LOAD ./Drivers/STM32F4xx_HAL_Driver/Src/stm32f4xx_hal_pwr_ex.o
LOAD ./Drivers/STM32F4xx_HAL_Driver/Src/stm32f4xx_hal_rcc.o
LOAD ./Drivers/STM32F4xx_HAL_Driver/Src/stm32f4xx_hal_rcc_ex.o
LOAD ./Drivers/STM32F4xx_HAL_Driver/Src/stm32f4xx_hal_tim.o
LOAD ./Drivers/STM32F4xx_HAL_Driver/Src/stm32f4xx_hal_tim_ex.o
LOAD ./Drivers/STM32F4xx_HAL_Driver/Src/stm32f4xx_hal_uart.o
LOAD ./Drivers/STM32F4xx_HAL_Driver/Src/stm32f4xx_ll_usb.o
LOAD ./Middlewares/ST/STM32_USB_Device_Library/Class/CDC/Src/usbd_cdc.o
LOAD ./Middlewares/ST/STM32_USB_Device_Library/Core/Src/usbd_core.o
LOAD ./Middlewares/ST/STM32_USB_Device_Library/Core/Src/usbd_ctlreq.o
LOAD ./Middlewares/ST/STM32_USB_Device_Library/Core/Src/usbd_ioreq.o
LOAD ./USB_DEVICE/App/usb_device.o
LOAD ./USB_DEVICE/App/usbd_desc.o
LOAD ./USB_DEVICE/Target/usbd_conf.o
START GROUP
LOAD /Applications/STM32CubeIDE.app/Contents/Eclipse/plugins/com.st.stm32cube.ide.mcu.externaltools.gnu-tools-for-stm32.10.3-2021.10.macos64_1.0.0.202111181127/tools/bin/../lib/gcc/arm-none-eabi/10.3.1/../../../../arm-none-eabi/lib/thumb/v7e-m+fp/hard/libc_nano.a
LOAD /Applications/STM32CubeIDE.app/Contents/Eclipse/plugins/com.st.stm32cube.ide.mcu.externaltools.gnu-tools-for-stm32.10.3-2021.10.macos64_1.0.0.202111181127/tools/bin/../lib/gcc/arm-none-eabi/10.3.1/../../../../arm-none-eabi/lib/thumb/v7e-m+fp/hard/libm.a
END GROUP
START GROUP
LOAD /Applications/STM32CubeIDE.app/Contents/Eclipse/plugins/com.st.stm32cube.ide.mcu.externaltools.gnu-tools-for-stm32.10.3-2021.10.macos64_1.0.0.202111181127/tools/bin/../lib/gcc/arm-none-eabi/10.3.1/thumb/v7e-m+fp/hard/libgcc.a
LOAD /Applications/STM32CubeIDE.app/Contents/Eclipse/plugins/com.st.stm32cube.ide.mcu.externaltools.gnu-tools-for-stm32.10.3-2021.10.macos64_1.0.0.202111181127/tools/bin/../lib/gcc/arm-none-eabi/10.3.1/../../../../arm-none-eabi/lib/thumb/v7e-m+fp/hard/libc_nano.a
END GROUP
START GROUP
LOAD /Applications/STM32CubeIDE.app/Contents/Eclipse/plugins/com.st.stm32cube.ide.mcu.externaltools.gnu-tools-for-stm32.10.3-2021.10.macos64_1.0.0.202111181127/tools/bin/../lib/gcc/arm-none-eabi/10.3.1/thumb/v7e-m+fp/hard/libgcc.a
LOAD /Applications/STM32CubeIDE.app/Contents/Eclipse/plugins/com.st.stm32cube.ide.mcu.externaltools.gnu-tools-for-stm32.10.3-2021.10.macos64_1.0.0.202111181127/tools/bin/../lib/gcc/arm-none-eabi/10.3.1/../../../../arm-none-eabi/lib/thumb/v7e-m+fp/hard/libc_nano.a
LOAD /Applications/STM32CubeIDE.app/Contents/Eclipse/plugins/com.st.stm32cube.ide.mcu.externaltools.gnu-tools-for-stm32.10.3-2021.10.macos64_1.0.0.202111181127/tools/bin/../lib/gcc/arm-none-eabi/10.3.1/../../../../arm-none-eabi/lib/thumb/v7e-m+fp/hard/libnosys.a
END GROUP
START GROUP
LOAD /Applications/STM32CubeIDE.app/Contents/Eclipse/plugins/com.st.stm32cube.ide.mcu.externaltools.gnu-tools-for-stm32.10.3-2021.10.macos64_1.0.0.202111181127/tools/bin/../lib/gcc/arm-none-eabi/10.3.1/thumb/v7e-m+fp/hard/libgcc.a
LOAD /Applications/STM32CubeIDE.app/Contents/Eclipse/plugins/com.st.stm32cube.ide.mcu.externaltools.gnu-tools-for-stm32.10.3-2021.10.macos64_1.0.0.202111181127/tools/bin/../lib/gcc/arm-none-eabi/10.3.1/../../../../arm-none-eabi/lib/thumb/v7e-m+fp/hard/libc_nano.a
LOAD /Applications/STM32CubeIDE.app/Contents/Eclipse/plugins/com.st.stm32cube.ide.mcu.externaltools.gnu-tools-for-stm32.10.3-2021.10.macos64_1.0.0.202111181127/tools/bin/../lib/gcc/arm-none-eabi/10.3.1/../../../../arm-none-eabi/lib/thumb/v7e-m+fp/hard/libnosys.a
END GROUP
LOAD /Applications/STM32CubeIDE.app/Contents/Eclipse/plugins/com.st.stm32cube.ide.mcu.externaltools.gnu-tools-for-stm32.10.3-2021.10.macos64_1.0.0.202111181127/tools/bin/../lib/gcc/arm-none-eabi/10.3.1/thumb/v7e-m+fp/hard/crtend.o
LOAD /Applications/STM32CubeIDE.app/Contents/Eclipse/plugins/com.st.stm32cube.ide.mcu.externaltools.gnu-tools-for-stm32.10.3-2021.10.macos64_1.0.0.202111181127/tools/bin/../lib/gcc/arm-none-eabi/10.3.1/thumb/v7e-m+fp/hard/crtn.o
                0x0000000020020000                _estack = (ORIGIN (RAM) + LENGTH (RAM))
                0x0000000000000100                _Min_Heap_Size = 0x100
                0x0000000000000400                _Min_Stack_Size = 0x400

.isr_vector     0x0000000008000000      0x1c4
                0x0000000008000000                . = ALIGN (0x4)
 *(.isr_vector)
 .isr_vector    0x0000000008000000      0x1c4 ./Core/Startup/startup_stm32f446retx.o
                0x0000000008000000                g_pfnVectors
                0x00000000080001c4                . = ALIGN (0x4)

.text           0x00000000080001c4     0x77c4
                0x00000000080001c4                . = ALIGN (0x4)
 *(.text)
 .text          0x00000000080001c4       0x40 /Applications/STM32CubeIDE.app/Contents/Eclipse/plugins/com.st.stm32cube.ide.mcu.externaltools.gnu-tools-for-stm32.10.3-2021.10.macos64_1.0.0.202111181127/tools/bin/../lib/gcc/arm-none-eabi/10.3.1/thumb/v7e-m+fp/hard/crtbegin.o
 .text          0x0000000008000204       0x30 /Applications/STM32CubeIDE.app/Contents/Eclipse/plugins/com.st.stm32cube.ide.mcu.externaltools.gnu-tools-for-stm32.10.3-2021.10.macos64_1.0.0.202111181127/tools/bin/../lib/gcc/arm-none-eabi/10.3.1/thumb/v7e-m+fp/hard/libgcc.a(_aeabi_uldivmod.o)
                0x0000000008000204                __aeabi_uldivmod
 .text          0x0000000008000234      0x2d0 /Applications/STM32CubeIDE.app/Contents/Eclipse/plugins/com.st.stm32cube.ide.mcu.externaltools.gnu-tools-for-stm32.10.3-2021.10.macos64_1.0.0.202111181127/tools/bin/../lib/gcc/arm-none-eabi/10.3.1/thumb/v7e-m+fp/hard/libgcc.a(_udivmoddi4.o)
                0x0000000008000234                __udivmoddi4
 .text          0x0000000008000504        0x4 /Applications/STM32CubeIDE.app/Contents/Eclipse/plugins/com.st.stm32cube.ide.mcu.externaltools.gnu-tools-for-stm32.10.3-2021.10.macos64_1.0.0.202111181127/tools/bin/../lib/gcc/arm-none-eabi/10.3.1/thumb/v7e-m+fp/hard/libgcc.a(_dvmd_tls.o)
                0x0000000008000504                __aeabi_ldiv0
                0x0000000008000504                __aeabi_idiv0
 *(.text*)
 .text.main     0x0000000008000508       0xa0 ./Core/Src/main.o
                0x0000000008000508                main
 .text.SystemClock_Config
                0x00000000080005a8       0xd8 ./Core/Src/main.o
                0x00000000080005a8                SystemClock_Config
 .text.MX_USART2_UART_Init
                0x0000000008000680       0x54 ./Core/Src/main.o
 .text.MX_GPIO_Init
                0x00000000080006d4       0xdc ./Core/Src/main.o
 .text.Error_Handler
                0x00000000080007b0        0xa ./Core/Src/main.o
                0x00000000080007b0                Error_Handler
 *fill*         0x00000000080007ba        0x2 
 .text.HAL_MspInit
                0x00000000080007bc       0x50 ./Core/Src/stm32f4xx_hal_msp.o
                0x00000000080007bc                HAL_MspInit
 .text.HAL_UART_MspInit
                0x000000000800080c       0x90 ./Core/Src/stm32f4xx_hal_msp.o
                0x000000000800080c                HAL_UART_MspInit
 .text.NMI_Handler
                0x000000000800089c        0x6 ./Core/Src/stm32f4xx_it.o
                0x000000000800089c                NMI_Handler
 .text.HardFault_Handler
                0x00000000080008a2        0x6 ./Core/Src/stm32f4xx_it.o
                0x00000000080008a2                HardFault_Handler
 .text.MemManage_Handler
                0x00000000080008a8        0x6 ./Core/Src/stm32f4xx_it.o
                0x00000000080008a8                MemManage_Handler
 .text.BusFault_Handler
                0x00000000080008ae        0x6 ./Core/Src/stm32f4xx_it.o
                0x00000000080008ae                BusFault_Handler
 .text.UsageFault_Handler
                0x00000000080008b4        0x6 ./Core/Src/stm32f4xx_it.o
                0x00000000080008b4                UsageFault_Handler
 .text.SVC_Handler
                0x00000000080008ba        0xe ./Core/Src/stm32f4xx_it.o
                0x00000000080008ba                SVC_Handler
 .text.DebugMon_Handler
                0x00000000080008c8        0xe ./Core/Src/stm32f4xx_it.o
                0x00000000080008c8                DebugMon_Handler
 .text.PendSV_Handler
                0x00000000080008d6        0xe ./Core/Src/stm32f4xx_it.o
                0x00000000080008d6                PendSV_Handler
 .text.SysTick_Handler
                0x00000000080008e4       0x10 ./Core/Src/stm32f4xx_it.o
                0x00000000080008e4                SysTick_Handler
 .text.OTG_FS_IRQHandler
                0x00000000080008f4       0x14 ./Core/Src/stm32f4xx_it.o
                0x00000000080008f4                OTG_FS_IRQHandler
 .text.SystemInit
                0x0000000008000908       0x24 ./Core/Src/system_stm32f4xx.o
                0x0000000008000908                SystemInit
 .text.CDC_Init_FS
                0x000000000800092c       0x60 ./Core/Src/usbd_cdc_if.o
 .text.CDC_DeInit_FS
                0x000000000800098c       0x10 ./Core/Src/usbd_cdc_if.o
 .text.CDC_Control_FS
                0x000000000800099c       0xbc ./Core/Src/usbd_cdc_if.o
 .text.CDC_Receive_FS
                0x0000000008000a58       0x60 ./Core/Src/usbd_cdc_if.o
 .text.CDC_TransmitCplt_FS
                0x0000000008000ab8       0x22 ./Core/Src/usbd_cdc_if.o
 *fill*         0x0000000008000ada        0x2 
 .text.vcp_send
                0x0000000008000adc       0xc4 ./Core/Src/usbd_cdc_if.o
                0x0000000008000adc                vcp_send
 .text.vcp_recv
                0x0000000008000ba0       0x94 ./Core/Src/usbd_cdc_if.o
                0x0000000008000ba0                vcp_recv
 .text.vcp_service
                0x0000000008000c34       0x94 ./Core/Src/usbd_cdc_if.o
                0x0000000008000c34                vcp_service
 .text.Reset_Handler
                0x0000000008000cc8       0x50 ./Core/Startup/startup_stm32f446retx.o
                0x0000000008000cc8                Reset_Handler
 .text.Default_Handler
                0x0000000008000d18        0x2 ./Core/Startup/startup_stm32f446retx.o
                0x0000000008000d18                DMA1_Stream3_IRQHandler
                0x0000000008000d18                EXTI2_IRQHandler
                0x0000000008000d18                TIM8_CC_IRQHandler
                0x0000000008000d18                FMPI2C1_EV_IRQHandler
                0x0000000008000d18                SPI4_IRQHandler
                0x0000000008000d18                TIM1_CC_IRQHandler
                0x0000000008000d18                DMA2_Stream5_IRQHandler
                0x0000000008000d18                DMA1_Stream5_IRQHandler
                0x0000000008000d18                PVD_IRQHandler
                0x0000000008000d18                SDIO_IRQHandler
                0x0000000008000d18                TAMP_STAMP_IRQHandler
                0x0000000008000d18                CAN2_RX1_IRQHandler
                0x0000000008000d18                EXTI3_IRQHandler
                0x0000000008000d18                TIM8_TRG_COM_TIM14_IRQHandler
                0x0000000008000d18                TIM1_UP_TIM10_IRQHandler
                0x0000000008000d18                TIM8_UP_TIM13_IRQHandler
                0x0000000008000d18                I2C3_ER_IRQHandler
                0x0000000008000d18                EXTI0_IRQHandler
                0x0000000008000d18                I2C2_EV_IRQHandler
                0x0000000008000d18                DMA1_Stream2_IRQHandler
                0x0000000008000d18                CAN1_RX0_IRQHandler
                0x0000000008000d18                FPU_IRQHandler
                0x0000000008000d18                OTG_HS_WKUP_IRQHandler
                0x0000000008000d18                CAN2_SCE_IRQHandler
                0x0000000008000d18                DMA2_Stream2_IRQHandler
                0x0000000008000d18                SPI1_IRQHandler
                0x0000000008000d18                TIM6_DAC_IRQHandler
                0x0000000008000d18                TIM1_BRK_TIM9_IRQHandler
                0x0000000008000d18                DCMI_IRQHandler
                0x0000000008000d18                CAN2_RX0_IRQHandler
                0x0000000008000d18                DMA2_Stream3_IRQHandler
                0x0000000008000d18                SAI2_IRQHandler
                0x0000000008000d18                USART6_IRQHandler
                0x0000000008000d18                USART3_IRQHandler
                0x0000000008000d18                CAN1_RX1_IRQHandler
                0x0000000008000d18                UART5_IRQHandler
                0x0000000008000d18                DMA2_Stream0_IRQHandler
                0x0000000008000d18                TIM4_IRQHandler
                0x0000000008000d18                QUADSPI_IRQHandler
                0x0000000008000d18                I2C1_EV_IRQHandler
                0x0000000008000d18                DMA1_Stream6_IRQHandler
                0x0000000008000d18                DMA1_Stream1_IRQHandler
                0x0000000008000d18                UART4_IRQHandler
                0x0000000008000d18                TIM3_IRQHandler
                0x0000000008000d18                RCC_IRQHandler
                0x0000000008000d18                TIM8_BRK_TIM12_IRQHandler
                0x0000000008000d18                Default_Handler
                0x0000000008000d18                CEC_IRQHandler
                0x0000000008000d18                EXTI15_10_IRQHandler
                0x0000000008000d18                ADC_IRQHandler
                0x0000000008000d18                DMA1_Stream7_IRQHandler
                0x0000000008000d18                TIM7_IRQHandler
                0x0000000008000d18                CAN2_TX_IRQHandler
                0x0000000008000d18                TIM5_IRQHandler
                0x0000000008000d18                DMA2_Stream7_IRQHandler
                0x0000000008000d18                I2C3_EV_IRQHandler
                0x0000000008000d18                EXTI9_5_IRQHandler
                0x0000000008000d18                RTC_WKUP_IRQHandler
                0x0000000008000d18                SPDIF_RX_IRQHandler
                0x0000000008000d18                SPI2_IRQHandler
                0x0000000008000d18                OTG_HS_EP1_IN_IRQHandler
                0x0000000008000d18                DMA1_Stream0_IRQHandler
                0x0000000008000d18                CAN1_TX_IRQHandler
                0x0000000008000d18                FMPI2C1_ER_IRQHandler
                0x0000000008000d18                EXTI4_IRQHandler
                0x0000000008000d18                OTG_HS_EP1_OUT_IRQHandler
                0x0000000008000d18                WWDG_IRQHandler
                0x0000000008000d18                TIM2_IRQHandler
                0x0000000008000d18                OTG_FS_WKUP_IRQHandler
                0x0000000008000d18                TIM1_TRG_COM_TIM11_IRQHandler
                0x0000000008000d18                OTG_HS_IRQHandler
                0x0000000008000d18                EXTI1_IRQHandler
                0x0000000008000d18                USART2_IRQHandler
                0x0000000008000d18                I2C2_ER_IRQHandler
                0x0000000008000d18                DMA2_Stream1_IRQHandler
                0x0000000008000d18                CAN1_SCE_IRQHandler
                0x0000000008000d18                FLASH_IRQHandler
                0x0000000008000d18                DMA2_Stream4_IRQHandler
                0x0000000008000d18                USART1_IRQHandler
                0x0000000008000d18                SPI3_IRQHandler
                0x0000000008000d18                DMA1_Stream4_IRQHandler
                0x0000000008000d18                I2C1_ER_IRQHandler
                0x0000000008000d18                FMC_IRQHandler
                0x0000000008000d18                DMA2_Stream6_IRQHandler
                0x0000000008000d18                SAI1_IRQHandler
                0x0000000008000d18                RTC_Alarm_IRQHandler
 *fill*         0x0000000008000d1a        0x2 
 .text.HAL_Init
                0x0000000008000d1c       0x44 ./Drivers/STM32F4xx_HAL_Driver/Src/stm32f4xx_hal.o
                0x0000000008000d1c                HAL_Init
 .text.HAL_InitTick
                0x0000000008000d60       0x60 ./Drivers/STM32F4xx_HAL_Driver/Src/stm32f4xx_hal.o
                0x0000000008000d60                HAL_InitTick
 .text.HAL_IncTick
                0x0000000008000dc0       0x28 ./Drivers/STM32F4xx_HAL_Driver/Src/stm32f4xx_hal.o
                0x0000000008000dc0                HAL_IncTick
 .text.HAL_GetTick
                0x0000000008000de8       0x18 ./Drivers/STM32F4xx_HAL_Driver/Src/stm32f4xx_hal.o
                0x0000000008000de8                HAL_GetTick
 .text.HAL_Delay
                0x0000000008000e00       0x48 ./Drivers/STM32F4xx_HAL_Driver/Src/stm32f4xx_hal.o
                0x0000000008000e00                HAL_Delay
 .text.__NVIC_SetPriorityGrouping
                0x0000000008000e48       0x48 ./Drivers/STM32F4xx_HAL_Driver/Src/stm32f4xx_hal_cortex.o
 .text.__NVIC_GetPriorityGrouping
                0x0000000008000e90       0x1c ./Drivers/STM32F4xx_HAL_Driver/Src/stm32f4xx_hal_cortex.o
 .text.__NVIC_EnableIRQ
                0x0000000008000eac       0x3c ./Drivers/STM32F4xx_HAL_Driver/Src/stm32f4xx_hal_cortex.o
 .text.__NVIC_SetPriority
                0x0000000008000ee8       0x54 ./Drivers/STM32F4xx_HAL_Driver/Src/stm32f4xx_hal_cortex.o
 .text.NVIC_EncodePriority
                0x0000000008000f3c       0x66 ./Drivers/STM32F4xx_HAL_Driver/Src/stm32f4xx_hal_cortex.o
 *fill*         0x0000000008000fa2        0x2 
 .text.SysTick_Config
                0x0000000008000fa4       0x44 ./Drivers/STM32F4xx_HAL_Driver/Src/stm32f4xx_hal_cortex.o
 .text.HAL_NVIC_SetPriorityGrouping
                0x0000000008000fe8       0x16 ./Drivers/STM32F4xx_HAL_Driver/Src/stm32f4xx_hal_cortex.o
                0x0000000008000fe8                HAL_NVIC_SetPriorityGrouping
 .text.HAL_NVIC_SetPriority
                0x0000000008000ffe       0x38 ./Drivers/STM32F4xx_HAL_Driver/Src/stm32f4xx_hal_cortex.o
                0x0000000008000ffe                HAL_NVIC_SetPriority
 .text.HAL_NVIC_EnableIRQ
                0x0000000008001036       0x1c ./Drivers/STM32F4xx_HAL_Driver/Src/stm32f4xx_hal_cortex.o
                0x0000000008001036                HAL_NVIC_EnableIRQ
 .text.HAL_SYSTICK_Config
                0x0000000008001052       0x18 ./Drivers/STM32F4xx_HAL_Driver/Src/stm32f4xx_hal_cortex.o
                0x0000000008001052                HAL_SYSTICK_Config
 *fill*         0x000000000800106a        0x2 
 .text.HAL_GPIO_Init
                0x000000000800106c      0x328 ./Drivers/STM32F4xx_HAL_Driver/Src/stm32f4xx_hal_gpio.o
                0x000000000800106c                HAL_GPIO_Init
 .text.HAL_GPIO_WritePin
                0x0000000008001394       0x32 ./Drivers/STM32F4xx_HAL_Driver/Src/stm32f4xx_hal_gpio.o
                0x0000000008001394                HAL_GPIO_WritePin
 .text.HAL_PCD_Init
                0x00000000080013c6      0x248 ./Drivers/STM32F4xx_HAL_Driver/Src/stm32f4xx_hal_pcd.o
                0x00000000080013c6                HAL_PCD_Init
 .text.HAL_PCD_Start
                0x000000000800160e       0x66 ./Drivers/STM32F4xx_HAL_Driver/Src/stm32f4xx_hal_pcd.o
                0x000000000800160e                HAL_PCD_Start
 .text.HAL_PCD_IRQHandler
                0x0000000008001674      0x7be ./Drivers/STM32F4xx_HAL_Driver/Src/stm32f4xx_hal_pcd.o
                0x0000000008001674                HAL_PCD_IRQHandler
 .text.HAL_PCD_SetAddress
                0x0000000008001e32       0x4a ./Drivers/STM32F4xx_HAL_Driver/Src/stm32f4xx_hal_pcd.o
                0x0000000008001e32                HAL_PCD_SetAddress
 .text.HAL_PCD_EP_Open
                0x0000000008001e7c       0xd0 ./Drivers/STM32F4xx_HAL_Driver/Src/stm32f4xx_hal_pcd.o
                0x0000000008001e7c                HAL_PCD_EP_Open
 .text.HAL_PCD_EP_Close
                0x0000000008001f4c       0x94 ./Drivers/STM32F4xx_HAL_Driver/Src/stm32f4xx_hal_pcd.o
                0x0000000008001f4c                HAL_PCD_EP_Close
 .text.HAL_PCD_EP_Receive
                0x0000000008001fe0       0x96 ./Drivers/STM32F4xx_HAL_Driver/Src/stm32f4xx_hal_pcd.o
                0x0000000008001fe0                HAL_PCD_EP_Receive
 .text.HAL_PCD_EP_GetRxCount
                0x0000000008002076       0x30 ./Drivers/STM32F4xx_HAL_Driver/Src/stm32f4xx_hal_pcd.o
                0x0000000008002076                HAL_PCD_EP_GetRxCount
 .text.HAL_PCD_EP_Transmit
                0x00000000080020a6       0x94 ./Drivers/STM32F4xx_HAL_Driver/Src/stm32f4xx_hal_pcd.o
                0x00000000080020a6                HAL_PCD_EP_Transmit
 .text.HAL_PCD_EP_SetStall
                0x000000000800213a       0xc8 ./Drivers/STM32F4xx_HAL_Driver/Src/stm32f4xx_hal_pcd.o
                0x000000000800213a                HAL_PCD_EP_SetStall
 .text.HAL_PCD_EP_ClrStall
                0x0000000008002202       0xac ./Drivers/STM32F4xx_HAL_Driver/Src/stm32f4xx_hal_pcd.o
                0x0000000008002202                HAL_PCD_EP_ClrStall
 .text.PCD_WriteEmptyTxFifo
                0x00000000080022ae      0x11a ./Drivers/STM32F4xx_HAL_Driver/Src/stm32f4xx_hal_pcd.o
 .text.PCD_EP_OutXfrComplete_int
                0x00000000080023c8      0x218 ./Drivers/STM32F4xx_HAL_Driver/Src/stm32f4xx_hal_pcd.o
 .text.PCD_EP_OutSetupPacket_int
                0x00000000080025e0       0x8c ./Drivers/STM32F4xx_HAL_Driver/Src/stm32f4xx_hal_pcd.o
 .text.HAL_PCDEx_SetTxFiFo
                0x000000000800266c       0x8e ./Drivers/STM32F4xx_HAL_Driver/Src/stm32f4xx_hal_pcd_ex.o
                0x000000000800266c                HAL_PCDEx_SetTxFiFo
 .text.HAL_PCDEx_SetRxFiFo
                0x00000000080026fa       0x22 ./Drivers/STM32F4xx_HAL_Driver/Src/stm32f4xx_hal_pcd_ex.o
                0x00000000080026fa                HAL_PCDEx_SetRxFiFo
 .text.HAL_PCDEx_ActivateLPM
                0x000000000800271c       0x48 ./Drivers/STM32F4xx_HAL_Driver/Src/stm32f4xx_hal_pcd_ex.o
                0x000000000800271c                HAL_PCDEx_ActivateLPM
 .text.HAL_RCC_ClockConfig
                0x0000000008002764      0x1cc ./Drivers/STM32F4xx_HAL_Driver/Src/stm32f4xx_hal_rcc.o
                0x0000000008002764                HAL_RCC_ClockConfig
 .text.HAL_RCC_GetHCLKFreq
                0x0000000008002930       0x18 ./Drivers/STM32F4xx_HAL_Driver/Src/stm32f4xx_hal_rcc.o
                0x0000000008002930                HAL_RCC_GetHCLKFreq
 .text.HAL_RCC_GetPCLK1Freq
                0x0000000008002948       0x28 ./Drivers/STM32F4xx_HAL_Driver/Src/stm32f4xx_hal_rcc.o
                0x0000000008002948                HAL_RCC_GetPCLK1Freq
 .text.HAL_RCC_GetPCLK2Freq
                0x0000000008002970       0x28 ./Drivers/STM32F4xx_HAL_Driver/Src/stm32f4xx_hal_rcc.o
                0x0000000008002970                HAL_RCC_GetPCLK2Freq
 .text.HAL_RCCEx_PeriphCLKConfig
                0x0000000008002998      0x654 ./Drivers/STM32F4xx_HAL_Driver/Src/stm32f4xx_hal_rcc_ex.o
                0x0000000008002998                HAL_RCCEx_PeriphCLKConfig
 .text.HAL_RCC_GetSysClockFreq
                0x0000000008002fec      0x460 ./Drivers/STM32F4xx_HAL_Driver/Src/stm32f4xx_hal_rcc_ex.o
                0x0000000008002fec                HAL_RCC_GetSysClockFreq
 .text.HAL_RCC_OscConfig
                0x000000000800344c      0x53c ./Drivers/STM32F4xx_HAL_Driver/Src/stm32f4xx_hal_rcc_ex.o
                0x000000000800344c                HAL_RCC_OscConfig
 .text.HAL_UART_Init
                0x0000000008003988       0x9a ./Drivers/STM32F4xx_HAL_Driver/Src/stm32f4xx_hal_uart.o
                0x0000000008003988                HAL_UART_Init
 *fill*         0x0000000008003a22        0x2 
 .text.UART_SetConfig
                0x0000000008003a24      0x4e8 ./Drivers/STM32F4xx_HAL_Driver/Src/stm32f4xx_hal_uart.o
 .text.USB_CoreInit
                0x0000000008003f0c       0xc2 ./Drivers/STM32F4xx_HAL_Driver/Src/stm32f4xx_ll_usb.o
                0x0000000008003f0c                USB_CoreInit
 *fill*         0x0000000008003fce        0x2 
 .text.USB_SetTurnaroundTime
                0x0000000008003fd0      0x144 ./Drivers/STM32F4xx_HAL_Driver/Src/stm32f4xx_ll_usb.o
                0x0000000008003fd0                USB_SetTurnaroundTime
 .text.USB_EnableGlobalInt
                0x0000000008004114       0x22 ./Drivers/STM32F4xx_HAL_Driver/Src/stm32f4xx_ll_usb.o
                0x0000000008004114                USB_EnableGlobalInt
 .text.USB_DisableGlobalInt
                0x0000000008004136       0x22 ./Drivers/STM32F4xx_HAL_Driver/Src/stm32f4xx_ll_usb.o
                0x0000000008004136                USB_DisableGlobalInt
 .text.USB_SetCurrentMode
                0x0000000008004158       0x98 ./Drivers/STM32F4xx_HAL_Driver/Src/stm32f4xx_ll_usb.o
                0x0000000008004158                USB_SetCurrentMode
 .text.USB_DevInit
                0x00000000080041f0      0x2bc ./Drivers/STM32F4xx_HAL_Driver/Src/stm32f4xx_ll_usb.o
                0x00000000080041f0                USB_DevInit
 .text.USB_FlushTxFifo
                0x00000000080044ac       0x48 ./Drivers/STM32F4xx_HAL_Driver/Src/stm32f4xx_ll_usb.o
                0x00000000080044ac                USB_FlushTxFifo
 .text.USB_FlushRxFifo
                0x00000000080044f4       0x40 ./Drivers/STM32F4xx_HAL_Driver/Src/stm32f4xx_ll_usb.o
                0x00000000080044f4                USB_FlushRxFifo
 .text.USB_SetDevSpeed
                0x0000000008004534       0x32 ./Drivers/STM32F4xx_HAL_Driver/Src/stm32f4xx_ll_usb.o
                0x0000000008004534                USB_SetDevSpeed
 .text.USB_GetDevSpeed
                0x0000000008004566       0x4a ./Drivers/STM32F4xx_HAL_Driver/Src/stm32f4xx_ll_usb.o
                0x0000000008004566                USB_GetDevSpeed
 .text.USB_ActivateEndpoint
                0x00000000080045b0      0x10e ./Drivers/STM32F4xx_HAL_Driver/Src/stm32f4xx_ll_usb.o
                0x00000000080045b0                USB_ActivateEndpoint
 *fill*         0x00000000080046be        0x2 
 .text.USB_DeactivateEndpoint
                0x00000000080046c0      0x1b8 ./Drivers/STM32F4xx_HAL_Driver/Src/stm32f4xx_ll_usb.o
                0x00000000080046c0                USB_DeactivateEndpoint
 .text.USB_EPStartXfer
                0x0000000008004878      0x488 ./Drivers/STM32F4xx_HAL_Driver/Src/stm32f4xx_ll_usb.o
                0x0000000008004878                USB_EPStartXfer
 .text.USB_EP0StartXfer
                0x0000000008004d00      0x2a6 ./Drivers/STM32F4xx_HAL_Driver/Src/stm32f4xx_ll_usb.o
                0x0000000008004d00                USB_EP0StartXfer
 .text.USB_WritePacket
                0x0000000008004fa6       0x7c ./Drivers/STM32F4xx_HAL_Driver/Src/stm32f4xx_ll_usb.o
                0x0000000008004fa6                USB_WritePacket
 .text.USB_ReadPacket
                0x0000000008005022       0xb0 ./Drivers/STM32F4xx_HAL_Driver/Src/stm32f4xx_ll_usb.o
                0x0000000008005022                USB_ReadPacket
 .text.USB_EPSetStall
                0x00000000080050d2       0xdc ./Drivers/STM32F4xx_HAL_Driver/Src/stm32f4xx_ll_usb.o
                0x00000000080050d2                USB_EPSetStall
 .text.USB_EPClearStall
                0x00000000080051ae       0xcc ./Drivers/STM32F4xx_HAL_Driver/Src/stm32f4xx_ll_usb.o
                0x00000000080051ae                USB_EPClearStall
 .text.USB_SetDevAddress
                0x000000000800527a       0x4c ./Drivers/STM32F4xx_HAL_Driver/Src/stm32f4xx_ll_usb.o
                0x000000000800527a                USB_SetDevAddress
 .text.USB_DevConnect
                0x00000000080052c6       0x42 ./Drivers/STM32F4xx_HAL_Driver/Src/stm32f4xx_ll_usb.o
                0x00000000080052c6                USB_DevConnect
 .text.USB_DevDisconnect
                0x0000000008005308       0x42 ./Drivers/STM32F4xx_HAL_Driver/Src/stm32f4xx_ll_usb.o
                0x0000000008005308                USB_DevDisconnect
 .text.USB_ReadInterrupts
                0x000000000800534a       0x26 ./Drivers/STM32F4xx_HAL_Driver/Src/stm32f4xx_ll_usb.o
                0x000000000800534a                USB_ReadInterrupts
 .text.USB_ReadDevAllOutEpInterrupt
                0x0000000008005370       0x34 ./Drivers/STM32F4xx_HAL_Driver/Src/stm32f4xx_ll_usb.o
                0x0000000008005370                USB_ReadDevAllOutEpInterrupt
 .text.USB_ReadDevAllInEpInterrupt
                0x00000000080053a4       0x34 ./Drivers/STM32F4xx_HAL_Driver/Src/stm32f4xx_ll_usb.o
                0x00000000080053a4                USB_ReadDevAllInEpInterrupt
 .text.USB_ReadDevOutEPInterrupt
                0x00000000080053d8       0x3c ./Drivers/STM32F4xx_HAL_Driver/Src/stm32f4xx_ll_usb.o
                0x00000000080053d8                USB_ReadDevOutEPInterrupt
 .text.USB_ReadDevInEPInterrupt
                0x0000000008005414       0x5c ./Drivers/STM32F4xx_HAL_Driver/Src/stm32f4xx_ll_usb.o
                0x0000000008005414                USB_ReadDevInEPInterrupt
 .text.USB_GetMode
                0x0000000008005470       0x1c ./Drivers/STM32F4xx_HAL_Driver/Src/stm32f4xx_ll_usb.o
                0x0000000008005470                USB_GetMode
 .text.USB_ActivateSetup
                0x000000000800548c       0x46 ./Drivers/STM32F4xx_HAL_Driver/Src/stm32f4xx_ll_usb.o
                0x000000000800548c                USB_ActivateSetup
 *fill*         0x00000000080054d2        0x2 
 .text.USB_EP0_OutStart
                0x00000000080054d4       0xbc ./Drivers/STM32F4xx_HAL_Driver/Src/stm32f4xx_ll_usb.o
                0x00000000080054d4                USB_EP0_OutStart
 .text.USB_CoreReset
                0x0000000008005590       0x64 ./Drivers/STM32F4xx_HAL_Driver/Src/stm32f4xx_ll_usb.o
 .text.USBD_CDC_Init
                0x00000000080055f4       0xfe ./Middlewares/ST/STM32_USB_Device_Library/Class/CDC/Src/usbd_cdc.o
 .text.USBD_CDC_DeInit
                0x00000000080056f2       0x74 ./Middlewares/ST/STM32_USB_Device_Library/Class/CDC/Src/usbd_cdc.o
 *fill*         0x0000000008005766        0x2 
 .text.USBD_CDC_Setup
                0x0000000008005768      0x190 ./Middlewares/ST/STM32_USB_Device_Library/Class/CDC/Src/usbd_cdc.o
 .text.USBD_CDC_DataIn
                0x00000000080058f8       0xca ./Middlewares/ST/STM32_USB_Device_Library/Class/CDC/Src/usbd_cdc.o
 .text.USBD_CDC_DataOut
                0x00000000080059c2       0x56 ./Middlewares/ST/STM32_USB_Device_Library/Class/CDC/Src/usbd_cdc.o
 .text.USBD_CDC_EP0_RxReady
                0x0000000008005a18       0x5a ./Middlewares/ST/STM32_USB_Device_Library/Class/CDC/Src/usbd_cdc.o
 *fill*         0x0000000008005a72        0x2 
 .text.USBD_CDC_GetFSCfgDesc
                0x0000000008005a74       0x20 ./Middlewares/ST/STM32_USB_Device_Library/Class/CDC/Src/usbd_cdc.o
 .text.USBD_CDC_GetHSCfgDesc
                0x0000000008005a94       0x20 ./Middlewares/ST/STM32_USB_Device_Library/Class/CDC/Src/usbd_cdc.o
 .text.USBD_CDC_GetOtherSpeedCfgDesc
                0x0000000008005ab4       0x20 ./Middlewares/ST/STM32_USB_Device_Library/Class/CDC/Src/usbd_cdc.o
 .text.USBD_CDC_GetDeviceQualifierDescriptor
                0x0000000008005ad4       0x20 ./Middlewares/ST/STM32_USB_Device_Library/Class/CDC/Src/usbd_cdc.o
                0x0000000008005ad4                USBD_CDC_GetDeviceQualifierDescriptor
 .text.USBD_CDC_RegisterInterface
                0x0000000008005af4       0x2a ./Middlewares/ST/STM32_USB_Device_Library/Class/CDC/Src/usbd_cdc.o
                0x0000000008005af4                USBD_CDC_RegisterInterface
 .text.USBD_CDC_SetTxBuffer
                0x0000000008005b1e       0x3c ./Middlewares/ST/STM32_USB_Device_Library/Class/CDC/Src/usbd_cdc.o
                0x0000000008005b1e                USBD_CDC_SetTxBuffer
 .text.USBD_CDC_SetRxBuffer
                0x0000000008005b5a       0x32 ./Middlewares/ST/STM32_USB_Device_Library/Class/CDC/Src/usbd_cdc.o
                0x0000000008005b5a                USBD_CDC_SetRxBuffer
 .text.USBD_CDC_TransmitPacket
                0x0000000008005b8c       0x60 ./Middlewares/ST/STM32_USB_Device_Library/Class/CDC/Src/usbd_cdc.o
                0x0000000008005b8c                USBD_CDC_TransmitPacket
 .text.USBD_CDC_ReceivePacket
                0x0000000008005bec       0x54 ./Middlewares/ST/STM32_USB_Device_Library/Class/CDC/Src/usbd_cdc.o
                0x0000000008005bec                USBD_CDC_ReceivePacket
 .text.USBD_Init
                0x0000000008005c40       0x60 ./Middlewares/ST/STM32_USB_Device_Library/Core/Src/usbd_core.o
                0x0000000008005c40                USBD_Init
 .text.USBD_RegisterClass
                0x0000000008005ca0       0x4e ./Middlewares/ST/STM32_USB_Device_Library/Core/Src/usbd_core.o
                0x0000000008005ca0                USBD_RegisterClass
 .text.USBD_Start
                0x0000000008005cee       0x18 ./Middlewares/ST/STM32_USB_Device_Library/Core/Src/usbd_core.o
                0x0000000008005cee                USBD_Start
 .text.USBD_RunTestMode
                0x0000000008005d06       0x16 ./Middlewares/ST/STM32_USB_Device_Library/Core/Src/usbd_core.o
                0x0000000008005d06                USBD_RunTestMode
 .text.USBD_SetClassConfig
                0x0000000008005d1c       0x38 ./Middlewares/ST/STM32_USB_Device_Library/Core/Src/usbd_core.o
                0x0000000008005d1c                USBD_SetClassConfig
 .text.USBD_ClrClassConfig
                0x0000000008005d54       0x30 ./Middlewares/ST/STM32_USB_Device_Library/Core/Src/usbd_core.o
                0x0000000008005d54                USBD_ClrClassConfig
 .text.USBD_LL_SetupStage
                0x0000000008005d84       0xaa ./Middlewares/ST/STM32_USB_Device_Library/Core/Src/usbd_core.o
                0x0000000008005d84                USBD_LL_SetupStage
 .text.USBD_LL_DataOutStage
                0x0000000008005e2e       0xc6 ./Middlewares/ST/STM32_USB_Device_Library/Core/Src/usbd_core.o
                0x0000000008005e2e                USBD_LL_DataOutStage
 .text.USBD_LL_DataInStage
                0x0000000008005ef4      0x12c ./Middlewares/ST/STM32_USB_Device_Library/Core/Src/usbd_core.o
                0x0000000008005ef4                USBD_LL_DataInStage
 .text.USBD_LL_Reset
                0x0000000008006020       0x9c ./Middlewares/ST/STM32_USB_Device_Library/Core/Src/usbd_core.o
                0x0000000008006020                USBD_LL_Reset
 .text.USBD_LL_SetSpeed
                0x00000000080060bc       0x20 ./Middlewares/ST/STM32_USB_Device_Library/Core/Src/usbd_core.o
                0x00000000080060bc                USBD_LL_SetSpeed
 .text.USBD_LL_Suspend
                0x00000000080060dc       0x2c ./Middlewares/ST/STM32_USB_Device_Library/Core/Src/usbd_core.o
                0x00000000080060dc                USBD_LL_Suspend
 .text.USBD_LL_Resume
                0x0000000008006108       0x30 ./Middlewares/ST/STM32_USB_Device_Library/Core/Src/usbd_core.o
                0x0000000008006108                USBD_LL_Resume
 .text.USBD_LL_SOF
                0x0000000008006138       0x44 ./Middlewares/ST/STM32_USB_Device_Library/Core/Src/usbd_core.o
                0x0000000008006138                USBD_LL_SOF
 .text.USBD_LL_IsoINIncomplete
                0x000000000800617c       0x4c ./Middlewares/ST/STM32_USB_Device_Library/Core/Src/usbd_core.o
                0x000000000800617c                USBD_LL_IsoINIncomplete
 .text.USBD_LL_IsoOUTIncomplete
                0x00000000080061c8       0x4c ./Middlewares/ST/STM32_USB_Device_Library/Core/Src/usbd_core.o
                0x00000000080061c8                USBD_LL_IsoOUTIncomplete
 .text.USBD_LL_DevConnected
                0x0000000008006214       0x16 ./Middlewares/ST/STM32_USB_Device_Library/Core/Src/usbd_core.o
                0x0000000008006214                USBD_LL_DevConnected
 .text.USBD_LL_DevDisconnected
                0x000000000800622a       0x38 ./Middlewares/ST/STM32_USB_Device_Library/Core/Src/usbd_core.o
                0x000000000800622a                USBD_LL_DevDisconnected
 .text.SWAPBYTE
                0x0000000008006262       0x3c ./Middlewares/ST/STM32_USB_Device_Library/Core/Src/usbd_ctlreq.o
 *fill*         0x000000000800629e        0x2 
 .text.USBD_StdDevReq
                0x00000000080062a0       0xdc ./Middlewares/ST/STM32_USB_Device_Library/Core/Src/usbd_ctlreq.o
                0x00000000080062a0                USBD_StdDevReq
 .text.USBD_StdItfReq
                0x000000000800637c       0x92 ./Middlewares/ST/STM32_USB_Device_Library/Core/Src/usbd_ctlreq.o
                0x000000000800637c                USBD_StdItfReq
 .text.USBD_StdEPReq
                0x000000000800640e      0x2c4 ./Middlewares/ST/STM32_USB_Device_Library/Core/Src/usbd_ctlreq.o
                0x000000000800640e                USBD_StdEPReq
 *fill*         0x00000000080066d2        0x2 
 .text.USBD_GetDescriptor
                0x00000000080066d4      0x328 ./Middlewares/ST/STM32_USB_Device_Library/Core/Src/usbd_ctlreq.o
 .text.USBD_SetAddress
                0x00000000080069fc       0x88 ./Middlewares/ST/STM32_USB_Device_Library/Core/Src/usbd_ctlreq.o
 .text.USBD_SetConfig
                0x0000000008006a84      0x14c ./Middlewares/ST/STM32_USB_Device_Library/Core/Src/usbd_ctlreq.o
 .text.USBD_GetConfig
                0x0000000008006bd0       0x6c ./Middlewares/ST/STM32_USB_Device_Library/Core/Src/usbd_ctlreq.o
 .text.USBD_GetStatus
                0x0000000008006c3c       0x68 ./Middlewares/ST/STM32_USB_Device_Library/Core/Src/usbd_ctlreq.o
 .text.USBD_SetFeature
                0x0000000008006ca4       0x28 ./Middlewares/ST/STM32_USB_Device_Library/Core/Src/usbd_ctlreq.o
 .text.USBD_ClrFeature
                0x0000000008006ccc       0x44 ./Middlewares/ST/STM32_USB_Device_Library/Core/Src/usbd_ctlreq.o
 .text.USBD_ParseSetupRequest
                0x0000000008006d10       0x74 ./Middlewares/ST/STM32_USB_Device_Library/Core/Src/usbd_ctlreq.o
                0x0000000008006d10                USBD_ParseSetupRequest
 .text.USBD_CtlError
                0x0000000008006d84       0x22 ./Middlewares/ST/STM32_USB_Device_Library/Core/Src/usbd_ctlreq.o
                0x0000000008006d84                USBD_CtlError
 .text.USBD_GetString
                0x0000000008006da6       0x8c ./Middlewares/ST/STM32_USB_Device_Library/Core/Src/usbd_ctlreq.o
                0x0000000008006da6                USBD_GetString
 .text.USBD_GetLen
                0x0000000008006e32       0x34 ./Middlewares/ST/STM32_USB_Device_Library/Core/Src/usbd_ctlreq.o
 .text.USBD_CtlSendData
                0x0000000008006e66       0x36 ./Middlewares/ST/STM32_USB_Device_Library/Core/Src/usbd_ioreq.o
                0x0000000008006e66                USBD_CtlSendData
 .text.USBD_CtlContinueSendData
                0x0000000008006e9c       0x22 ./Middlewares/ST/STM32_USB_Device_Library/Core/Src/usbd_ioreq.o
                0x0000000008006e9c                USBD_CtlContinueSendData
 .text.USBD_CtlPrepareRx
                0x0000000008006ebe       0x3a ./Middlewares/ST/STM32_USB_Device_Library/Core/Src/usbd_ioreq.o
                0x0000000008006ebe                USBD_CtlPrepareRx
 .text.USBD_CtlContinueRx
                0x0000000008006ef8       0x22 ./Middlewares/ST/STM32_USB_Device_Library/Core/Src/usbd_ioreq.o
                0x0000000008006ef8                USBD_CtlContinueRx
 .text.USBD_CtlSendStatus
                0x0000000008006f1a       0x26 ./Middlewares/ST/STM32_USB_Device_Library/Core/Src/usbd_ioreq.o
                0x0000000008006f1a                USBD_CtlSendStatus
 .text.USBD_CtlReceiveStatus
                0x0000000008006f40       0x26 ./Middlewares/ST/STM32_USB_Device_Library/Core/Src/usbd_ioreq.o
                0x0000000008006f40                USBD_CtlReceiveStatus
 *fill*         0x0000000008006f66        0x2 
 .text.MX_USB_DEVICE_Init
                0x0000000008006f68       0x60 ./USB_DEVICE/App/usb_device.o
                0x0000000008006f68                MX_USB_DEVICE_Init
 .text.USBD_FS_DeviceDescriptor
                0x0000000008006fc8       0x24 ./USB_DEVICE/App/usbd_desc.o
                0x0000000008006fc8                USBD_FS_DeviceDescriptor
 .text.USBD_FS_LangIDStrDescriptor
                0x0000000008006fec       0x24 ./USB_DEVICE/App/usbd_desc.o
                0x0000000008006fec                USBD_FS_LangIDStrDescriptor
 .text.USBD_FS_ProductStrDescriptor
                0x0000000008007010       0x3c ./USB_DEVICE/App/usbd_desc.o
                0x0000000008007010                USBD_FS_ProductStrDescriptor
 .text.USBD_FS_ManufacturerStrDescriptor
                0x000000000800704c       0x28 ./USB_DEVICE/App/usbd_desc.o
                0x000000000800704c                USBD_FS_ManufacturerStrDescriptor
 .text.USBD_FS_SerialStrDescriptor
                0x0000000008007074       0x24 ./USB_DEVICE/App/usbd_desc.o
                0x0000000008007074                USBD_FS_SerialStrDescriptor
 .text.USBD_FS_ConfigStrDescriptor
                0x0000000008007098       0x3c ./USB_DEVICE/App/usbd_desc.o
                0x0000000008007098                USBD_FS_ConfigStrDescriptor
 .text.USBD_FS_InterfaceStrDescriptor
                0x00000000080070d4       0x3c ./USB_DEVICE/App/usbd_desc.o
                0x00000000080070d4                USBD_FS_InterfaceStrDescriptor
 .text.USBD_FS_USR_BOSDescriptor
                0x0000000008007110       0x24 ./USB_DEVICE/App/usbd_desc.o
                0x0000000008007110                USBD_FS_USR_BOSDescriptor
 .text.Get_SerialNum
                0x0000000008007134       0x58 ./USB_DEVICE/App/usbd_desc.o
 .text.IntToUnicode
                0x000000000800718c       0x7e ./USB_DEVICE/App/usbd_desc.o
 *fill*         0x000000000800720a        0x2 
 .text.HAL_PCD_MspInit
                0x000000000800720c       0xd4 ./USB_DEVICE/Target/usbd_conf.o
                0x000000000800720c                HAL_PCD_MspInit
 .text.HAL_PCD_SetupStageCallback
                0x00000000080072e0       0x24 ./USB_DEVICE/Target/usbd_conf.o
                0x00000000080072e0                HAL_PCD_SetupStageCallback
 .text.HAL_PCD_DataOutStageCallback
                0x0000000008007304       0x36 ./USB_DEVICE/Target/usbd_conf.o
                0x0000000008007304                HAL_PCD_DataOutStageCallback
 .text.HAL_PCD_DataInStageCallback
                0x000000000800733a       0x34 ./USB_DEVICE/Target/usbd_conf.o
                0x000000000800733a                HAL_PCD_DataInStageCallback
 .text.HAL_PCD_SOFCallback
                0x000000000800736e       0x1c ./USB_DEVICE/Target/usbd_conf.o
                0x000000000800736e                HAL_PCD_SOFCallback
 .text.HAL_PCD_ResetCallback
                0x000000000800738a       0x50 ./USB_DEVICE/Target/usbd_conf.o
                0x000000000800738a                HAL_PCD_ResetCallback
 *fill*         0x00000000080073da        0x2 
 .text.HAL_PCD_SuspendCallback
                0x00000000080073dc       0x4c ./USB_DEVICE/Target/usbd_conf.o
                0x00000000080073dc                HAL_PCD_SuspendCallback
 .text.HAL_PCD_ResumeCallback
                0x0000000008007428       0x1c ./USB_DEVICE/Target/usbd_conf.o
                0x0000000008007428                HAL_PCD_ResumeCallback
 .text.HAL_PCD_ISOOUTIncompleteCallback
                0x0000000008007444       0x24 ./USB_DEVICE/Target/usbd_conf.o
                0x0000000008007444                HAL_PCD_ISOOUTIncompleteCallback
 .text.HAL_PCD_ISOINIncompleteCallback
                0x0000000008007468       0x24 ./USB_DEVICE/Target/usbd_conf.o
                0x0000000008007468                HAL_PCD_ISOINIncompleteCallback
 .text.HAL_PCD_ConnectCallback
                0x000000000800748c       0x1c ./USB_DEVICE/Target/usbd_conf.o
                0x000000000800748c                HAL_PCD_ConnectCallback
 .text.HAL_PCD_DisconnectCallback
                0x00000000080074a8       0x1c ./USB_DEVICE/Target/usbd_conf.o
                0x00000000080074a8                HAL_PCD_DisconnectCallback
 .text.USBD_LL_Init
                0x00000000080074c4       0x98 ./USB_DEVICE/Target/usbd_conf.o
                0x00000000080074c4                USBD_LL_Init
 .text.USBD_LL_Start
                0x000000000800755c       0x36 ./USB_DEVICE/Target/usbd_conf.o
                0x000000000800755c                USBD_LL_Start
 .text.USBD_LL_OpenEP
                0x0000000008007592       0x4c ./USB_DEVICE/Target/usbd_conf.o
                0x0000000008007592                USBD_LL_OpenEP
 .text.USBD_LL_CloseEP
                0x00000000080075de       0x3e ./USB_DEVICE/Target/usbd_conf.o
                0x00000000080075de                USBD_LL_CloseEP
 .text.USBD_LL_StallEP
                0x000000000800761c       0x3e ./USB_DEVICE/Target/usbd_conf.o
                0x000000000800761c                USBD_LL_StallEP
 .text.USBD_LL_ClearStallEP
                0x000000000800765a       0x3e ./USB_DEVICE/Target/usbd_conf.o
                0x000000000800765a                USBD_LL_ClearStallEP
 .text.USBD_LL_IsStallEP
                0x0000000008007698       0x58 ./USB_DEVICE/Target/usbd_conf.o
                0x0000000008007698                USBD_LL_IsStallEP
 .text.USBD_LL_SetUSBAddress
                0x00000000080076f0       0x3e ./USB_DEVICE/Target/usbd_conf.o
                0x00000000080076f0                USBD_LL_SetUSBAddress
 .text.USBD_LL_Transmit
                0x000000000800772e       0x42 ./USB_DEVICE/Target/usbd_conf.o
                0x000000000800772e                USBD_LL_Transmit
 .text.USBD_LL_PrepareReceive
                0x0000000008007770       0x42 ./USB_DEVICE/Target/usbd_conf.o
                0x0000000008007770                USBD_LL_PrepareReceive
 .text.USBD_LL_GetRxDataSize
                0x00000000080077b2       0x26 ./USB_DEVICE/Target/usbd_conf.o
                0x00000000080077b2                USBD_LL_GetRxDataSize
 .text.HAL_PCDEx_LPM_Callback
                0x00000000080077d8       0x9c ./USB_DEVICE/Target/usbd_conf.o
                0x00000000080077d8                HAL_PCDEx_LPM_Callback
 .text.USBD_static_malloc
                0x0000000008007874       0x1c ./USB_DEVICE/Target/usbd_conf.o
                0x0000000008007874                USBD_static_malloc
 .text.USBD_static_free
                0x0000000008007890       0x14 ./USB_DEVICE/Target/usbd_conf.o
                0x0000000008007890                USBD_static_free
 .text.USBD_Get_USB_Status
                0x00000000080078a4       0x58 ./USB_DEVICE/Target/usbd_conf.o
                0x00000000080078a4                USBD_Get_USB_Status
 .text.__libc_init_array
                0x00000000080078fc       0x48 /Applications/STM32CubeIDE.app/Contents/Eclipse/plugins/com.st.stm32cube.ide.mcu.externaltools.gnu-tools-for-stm32.10.3-2021.10.macos64_1.0.0.202111181127/tools/bin/../lib/gcc/arm-none-eabi/10.3.1/../../../../arm-none-eabi/lib/thumb/v7e-m+fp/hard/libc_nano.a(lib_a-init.o)
                0x00000000080078fc                __libc_init_array
 .text.memcpy   0x0000000008007944       0x1c /Applications/STM32CubeIDE.app/Contents/Eclipse/plugins/com.st.stm32cube.ide.mcu.externaltools.gnu-tools-for-stm32.10.3-2021.10.macos64_1.0.0.202111181127/tools/bin/../lib/gcc/arm-none-eabi/10.3.1/../../../../arm-none-eabi/lib/thumb/v7e-m+fp/hard/libc_nano.a(lib_a-memcpy-stub.o)
                0x0000000008007944                memcpy
 .text.memset   0x0000000008007960       0x10 /Applications/STM32CubeIDE.app/Contents/Eclipse/plugins/com.st.stm32cube.ide.mcu.externaltools.gnu-tools-for-stm32.10.3-2021.10.macos64_1.0.0.202111181127/tools/bin/../lib/gcc/arm-none-eabi/10.3.1/../../../../arm-none-eabi/lib/thumb/v7e-m+fp/hard/libc_nano.a(lib_a-memset.o)
                0x0000000008007960                memset
 *(.glue_7)
 .glue_7        0x0000000008007970        0x0 linker stubs
 *(.glue_7t)
 .glue_7t       0x0000000008007970        0x0 linker stubs
 *(.eh_frame)
 .eh_frame      0x0000000008007970        0x0 /Applications/STM32CubeIDE.app/Contents/Eclipse/plugins/com.st.stm32cube.ide.mcu.externaltools.gnu-tools-for-stm32.10.3-2021.10.macos64_1.0.0.202111181127/tools/bin/../lib/gcc/arm-none-eabi/10.3.1/thumb/v7e-m+fp/hard/crtbegin.o
 *(.init)
 .init          0x0000000008007970        0x4 /Applications/STM32CubeIDE.app/Contents/Eclipse/plugins/com.st.stm32cube.ide.mcu.externaltools.gnu-tools-for-stm32.10.3-2021.10.macos64_1.0.0.202111181127/tools/bin/../lib/gcc/arm-none-eabi/10.3.1/thumb/v7e-m+fp/hard/crti.o
                0x0000000008007970                _init
 .init          0x0000000008007974        0x8 /Applications/STM32CubeIDE.app/Contents/Eclipse/plugins/com.st.stm32cube.ide.mcu.externaltools.gnu-tools-for-stm32.10.3-2021.10.macos64_1.0.0.202111181127/tools/bin/../lib/gcc/arm-none-eabi/10.3.1/thumb/v7e-m+fp/hard/crtn.o
 *(.fini)
 .fini          0x000000000800797c        0x4 /Applications/STM32CubeIDE.app/Contents/Eclipse/plugins/com.st.stm32cube.ide.mcu.externaltools.gnu-tools-for-stm32.10.3-2021.10.macos64_1.0.0.202111181127/tools/bin/../lib/gcc/arm-none-eabi/10.3.1/thumb/v7e-m+fp/hard/crti.o
                0x000000000800797c                _fini
 .fini          0x0000000008007980        0x8 /Applications/STM32CubeIDE.app/Contents/Eclipse/plugins/com.st.stm32cube.ide.mcu.externaltools.gnu-tools-for-stm32.10.3-2021.10.macos64_1.0.0.202111181127/tools/bin/../lib/gcc/arm-none-eabi/10.3.1/thumb/v7e-m+fp/hard/crtn.o
                0x0000000008007988                . = ALIGN (0x4)
                0x0000000008007988                _etext = .

.vfp11_veneer   0x0000000008007988        0x0
 .vfp11_veneer  0x0000000008007988        0x0 linker stubs

.v4_bx          0x0000000008007988        0x0
 .v4_bx         0x0000000008007988        0x0 linker stubs

.iplt           0x0000000008007988        0x0
 .iplt          0x0000000008007988        0x0 /Applications/STM32CubeIDE.app/Contents/Eclipse/plugins/com.st.stm32cube.ide.mcu.externaltools.gnu-tools-for-stm32.10.3-2021.10.macos64_1.0.0.202111181127/tools/bin/../lib/gcc/arm-none-eabi/10.3.1/thumb/v7e-m+fp/hard/crtbegin.o

.rodata         0x0000000008007988       0x60
                0x0000000008007988                . = ALIGN (0x4)
 *(.rodata)
 .rodata        0x0000000008007988       0x46 ./USB_DEVICE/App/usbd_desc.o
 *(.rodata*)
 *fill*         0x00000000080079ce        0x2 
 .rodata.AHBPrescTable
                0x00000000080079d0       0x10 ./Core/Src/system_stm32f4xx.o
                0x00000000080079d0                AHBPrescTable
 .rodata.APBPrescTable
                0x00000000080079e0        0x8 ./Core/Src/system_stm32f4xx.o
                0x00000000080079e0                APBPrescTable
                0x00000000080079e8                . = ALIGN (0x4)

.ARM.extab      0x00000000080079e8        0x0
                0x00000000080079e8                . = ALIGN (0x4)
 *(.ARM.extab* .gnu.linkonce.armextab.*)
                0x00000000080079e8                . = ALIGN (0x4)

.ARM            0x00000000080079e8        0x8
                0x00000000080079e8                . = ALIGN (0x4)
                0x00000000080079e8                __exidx_start = .
 *(.ARM.exidx*)
 .ARM.exidx     0x00000000080079e8        0x8 /Applications/STM32CubeIDE.app/Contents/Eclipse/plugins/com.st.stm32cube.ide.mcu.externaltools.gnu-tools-for-stm32.10.3-2021.10.macos64_1.0.0.202111181127/tools/bin/../lib/gcc/arm-none-eabi/10.3.1/thumb/v7e-m+fp/hard/libgcc.a(_udivmoddi4.o)
                0x00000000080079f0                __exidx_end = .
                0x00000000080079f0                . = ALIGN (0x4)

.rel.dyn        0x00000000080079f0        0x0
 .rel.iplt      0x00000000080079f0        0x0 /Applications/STM32CubeIDE.app/Contents/Eclipse/plugins/com.st.stm32cube.ide.mcu.externaltools.gnu-tools-for-stm32.10.3-2021.10.macos64_1.0.0.202111181127/tools/bin/../lib/gcc/arm-none-eabi/10.3.1/thumb/v7e-m+fp/hard/crtbegin.o

.preinit_array  0x00000000080079f0        0x0
                0x00000000080079f0                . = ALIGN (0x4)
                0x00000000080079f0                PROVIDE (__preinit_array_start = .)
 *(.preinit_array*)
                0x00000000080079f0                PROVIDE (__preinit_array_end = .)
                0x00000000080079f0                . = ALIGN (0x4)

.init_array     0x00000000080079f0        0x4
                0x00000000080079f0                . = ALIGN (0x4)
                0x00000000080079f0                PROVIDE (__init_array_start = .)
 *(SORT_BY_NAME(.init_array.*))
 *(.init_array*)
 .init_array    0x00000000080079f0        0x4 /Applications/STM32CubeIDE.app/Contents/Eclipse/plugins/com.st.stm32cube.ide.mcu.externaltools.gnu-tools-for-stm32.10.3-2021.10.macos64_1.0.0.202111181127/tools/bin/../lib/gcc/arm-none-eabi/10.3.1/thumb/v7e-m+fp/hard/crtbegin.o
                0x00000000080079f4                PROVIDE (__init_array_end = .)
                0x00000000080079f4                . = ALIGN (0x4)

.fini_array     0x00000000080079f4        0x4
                0x00000000080079f4                . = ALIGN (0x4)
                [!provide]                        PROVIDE (__fini_array_start = .)
 *(SORT_BY_NAME(.fini_array.*))
 *(.fini_array*)
 .fini_array    0x00000000080079f4        0x4 /Applications/STM32CubeIDE.app/Contents/Eclipse/plugins/com.st.stm32cube.ide.mcu.externaltools.gnu-tools-for-stm32.10.3-2021.10.macos64_1.0.0.202111181127/tools/bin/../lib/gcc/arm-none-eabi/10.3.1/thumb/v7e-m+fp/hard/crtbegin.o
                [!provide]                        PROVIDE (__fini_array_end = .)
                0x00000000080079f8                . = ALIGN (0x4)
                0x00000000080079f8                _sidata = LOADADDR (.data)

.data           0x0000000020000000      0x190 load address 0x00000000080079f8
                0x0000000020000000                . = ALIGN (0x4)
                0x0000000020000000                _sdata = .
 *(.data)
 *(.data*)
 .data.SystemCoreClock
                0x0000000020000000        0x4 ./Core/Src/system_stm32f4xx.o
                0x0000000020000000                SystemCoreClock
 .data.USBD_Interface_fops_FS
                0x0000000020000004       0x14 ./Core/Src/usbd_cdc_if.o
                0x0000000020000004                USBD_Interface_fops_FS
 .data.uwTickPrio
                0x0000000020000018        0x4 ./Drivers/STM32F4xx_HAL_Driver/Src/stm32f4xx_hal.o
                0x0000000020000018                uwTickPrio
 .data.uwTickFreq
                0x000000002000001c        0x1 ./Drivers/STM32F4xx_HAL_Driver/Src/stm32f4xx_hal.o
                0x000000002000001c                uwTickFreq
 *fill*         0x000000002000001d        0x3 
 .data.USBD_CDC_DeviceQualifierDesc
                0x0000000020000020        0xa ./Middlewares/ST/STM32_USB_Device_Library/Class/CDC/Src/usbd_cdc.o
 *fill*         0x000000002000002a        0x2 
 .data.USBD_CDC
                0x000000002000002c       0x38 ./Middlewares/ST/STM32_USB_Device_Library/Class/CDC/Src/usbd_cdc.o
                0x000000002000002c                USBD_CDC
 .data.USBD_CDC_CfgHSDesc
                0x0000000020000064       0x43 ./Middlewares/ST/STM32_USB_Device_Library/Class/CDC/Src/usbd_cdc.o
 *fill*         0x00000000200000a7        0x1 
 .data.USBD_CDC_CfgFSDesc
                0x00000000200000a8       0x43 ./Middlewares/ST/STM32_USB_Device_Library/Class/CDC/Src/usbd_cdc.o
 *fill*         0x00000000200000eb        0x1 
 .data.USBD_CDC_OtherSpeedCfgDesc
                0x00000000200000ec       0x43 ./Middlewares/ST/STM32_USB_Device_Library/Class/CDC/Src/usbd_cdc.o
 *fill*         0x000000002000012f        0x1 
 .data.FS_Desc  0x0000000020000130       0x20 ./USB_DEVICE/App/usbd_desc.o
                0x0000000020000130                FS_Desc
 .data.USBD_FS_DeviceDesc
                0x0000000020000150       0x12 ./USB_DEVICE/App/usbd_desc.o
                0x0000000020000150                USBD_FS_DeviceDesc
 *fill*         0x0000000020000162        0x2 
 .data.USBD_FS_BOSDesc
                0x0000000020000164        0xc ./USB_DEVICE/App/usbd_desc.o
                0x0000000020000164                USBD_FS_BOSDesc
 .data.USBD_LangIDDesc
                0x0000000020000170        0x4 ./USB_DEVICE/App/usbd_desc.o
                0x0000000020000170                USBD_LangIDDesc
 .data.USBD_StringSerial
                0x0000000020000174       0x1a ./USB_DEVICE/App/usbd_desc.o
                0x0000000020000174                USBD_StringSerial
 *(.RamFunc)
 *(.RamFunc*)
                0x0000000020000190                . = ALIGN (0x4)
 *fill*         0x000000002000018e        0x2 
                0x0000000020000190                _edata = .

.igot.plt       0x0000000020000190        0x0 load address 0x0000000008007b88
 .igot.plt      0x0000000020000190        0x0 /Applications/STM32CubeIDE.app/Contents/Eclipse/plugins/com.st.stm32cube.ide.mcu.externaltools.gnu-tools-for-stm32.10.3-2021.10.macos64_1.0.0.202111181127/tools/bin/../lib/gcc/arm-none-eabi/10.3.1/thumb/v7e-m+fp/hard/crtbegin.o
                0x0000000020000190                . = ALIGN (0x4)

.bss            0x0000000020000190     0x1bb8 load address 0x0000000008007b88
                0x0000000020000190                _sbss = .
                0x0000000020000190                __bss_start__ = _sbss
 *(.bss)
 .bss           0x0000000020000190       0x1c /Applications/STM32CubeIDE.app/Contents/Eclipse/plugins/com.st.stm32cube.ide.mcu.externaltools.gnu-tools-for-stm32.10.3-2021.10.macos64_1.0.0.202111181127/tools/bin/../lib/gcc/arm-none-eabi/10.3.1/thumb/v7e-m+fp/hard/crtbegin.o
 *(.bss*)
 .bss.huart2    0x00000000200001ac       0x44 ./Core/Src/main.o
                0x00000000200001ac                huart2
 .bss.MESSAGE_PACKET
                0x00000000200001f0       0x14 ./Core/Src/main.o
                0x00000000200001f0                MESSAGE_PACKET
 .bss.data_buffer
                0x0000000020000204       0x10 ./Core/Src/main.o
                0x0000000020000204                data_buffer
 .bss.data_buffer_s
                0x0000000020000214       0x10 ./Core/Src/main.o
                0x0000000020000214                data_buffer_s
 .bss.data_received_length
                0x0000000020000224        0x4 ./Core/Src/main.o
                0x0000000020000224                data_received_length
 .bss.UserRxBufferFS
                0x0000000020000228      0x800 ./Core/Src/usbd_cdc_if.o
                0x0000000020000228                UserRxBufferFS
 .bss.UserTxBufferFS
                0x0000000020000a28      0x800 ./Core/Src/usbd_cdc_if.o
                0x0000000020000a28                UserTxBufferFS
 .bss.vcp_tx_fifo
                0x0000000020001228       0x10 ./Core/Src/usbd_cdc_if.o
                0x0000000020001228                vcp_tx_fifo
 .bss.vcp_rx_fifo
                0x0000000020001238       0x10 ./Core/Src/usbd_cdc_if.o
                0x0000000020001238                vcp_rx_fifo
 .bss.uwTick    0x0000000020001248        0x4 ./Drivers/STM32F4xx_HAL_Driver/Src/stm32f4xx_hal.o
                0x0000000020001248                uwTick
 .bss.cfgidx.0  0x000000002000124c        0x1 ./Middlewares/ST/STM32_USB_Device_Library/Core/Src/usbd_ctlreq.o
 *fill*         0x000000002000124d        0x3 
 .bss.hUsbDeviceFS
                0x0000000020001250      0x2d0 ./USB_DEVICE/App/usb_device.o
                0x0000000020001250                hUsbDeviceFS
 .bss.USBD_StrDesc
                0x0000000020001520      0x200 ./USB_DEVICE/App/usbd_desc.o
                0x0000000020001520                USBD_StrDesc
 .bss.hpcd_USB_OTG_FS
                0x0000000020001720      0x408 ./USB_DEVICE/Target/usbd_conf.o
                0x0000000020001720                hpcd_USB_OTG_FS
 .bss.mem.0     0x0000000020001b28      0x220 ./USB_DEVICE/Target/usbd_conf.o
 *(COMMON)
                0x0000000020001d48                . = ALIGN (0x4)
                0x0000000020001d48                _ebss = .
                0x0000000020001d48                __bss_end__ = _ebss

._user_heap_stack
                0x0000000020001d48      0x500 load address 0x0000000008007b88
                0x0000000020001d48                . = ALIGN (0x8)
                [!provide]                        PROVIDE (end = .)
                0x0000000020001d48                PROVIDE (_end = .)
                0x0000000020001e48                . = (. + _Min_Heap_Size)
 *fill*         0x0000000020001d48      0x100 
                0x0000000020002248                . = (. + _Min_Stack_Size)
 *fill*         0x0000000020001e48      0x400 
                0x0000000020002248                . = ALIGN (0x8)

/DISCARD/
 libc.a(*)
 libm.a(*)
 libgcc.a(*)

.ARM.attributes
                0x0000000000000000       0x30
 *(.ARM.attributes)
 .ARM.attributes
                0x0000000000000000       0x1e /Applications/STM32CubeIDE.app/Contents/Eclipse/plugins/com.st.stm32cube.ide.mcu.externaltools.gnu-tools-for-stm32.10.3-2021.10.macos64_1.0.0.202111181127/tools/bin/../lib/gcc/arm-none-eabi/10.3.1/thumb/v7e-m+fp/hard/crti.o
 .ARM.attributes
                0x000000000000001e       0x34 /Applications/STM32CubeIDE.app/Contents/Eclipse/plugins/com.st.stm32cube.ide.mcu.externaltools.gnu-tools-for-stm32.10.3-2021.10.macos64_1.0.0.202111181127/tools/bin/../lib/gcc/arm-none-eabi/10.3.1/thumb/v7e-m+fp/hard/crtbegin.o
 .ARM.attributes
                0x0000000000000052       0x34 ./Core/Src/main.o
 .ARM.attributes
                0x0000000000000086       0x34 ./Core/Src/stm32f4xx_hal_msp.o
 .ARM.attributes
                0x00000000000000ba       0x34 ./Core/Src/stm32f4xx_it.o
 .ARM.attributes
                0x00000000000000ee       0x34 ./Core/Src/system_stm32f4xx.o
 .ARM.attributes
                0x0000000000000122       0x34 ./Core/Src/usbd_cdc_if.o
 .ARM.attributes
                0x0000000000000156       0x21 ./Core/Startup/startup_stm32f446retx.o
 .ARM.attributes
                0x0000000000000177       0x34 ./Drivers/STM32F4xx_HAL_Driver/Src/stm32f4xx_hal.o
 .ARM.attributes
                0x00000000000001ab       0x34 ./Drivers/STM32F4xx_HAL_Driver/Src/stm32f4xx_hal_cortex.o
 .ARM.attributes
                0x00000000000001df       0x34 ./Drivers/STM32F4xx_HAL_Driver/Src/stm32f4xx_hal_gpio.o
 .ARM.attributes
                0x0000000000000213       0x34 ./Drivers/STM32F4xx_HAL_Driver/Src/stm32f4xx_hal_pcd.o
 .ARM.attributes
                0x0000000000000247       0x34 ./Drivers/STM32F4xx_HAL_Driver/Src/stm32f4xx_hal_pcd_ex.o
 .ARM.attributes
                0x000000000000027b       0x34 ./Drivers/STM32F4xx_HAL_Driver/Src/stm32f4xx_hal_rcc.o
 .ARM.attributes
                0x00000000000002af       0x34 ./Drivers/STM32F4xx_HAL_Driver/Src/stm32f4xx_hal_rcc_ex.o
 .ARM.attributes
                0x00000000000002e3       0x34 ./Drivers/STM32F4xx_HAL_Driver/Src/stm32f4xx_hal_uart.o
 .ARM.attributes
                0x0000000000000317       0x34 ./Drivers/STM32F4xx_HAL_Driver/Src/stm32f4xx_ll_usb.o
 .ARM.attributes
                0x000000000000034b       0x34 ./Middlewares/ST/STM32_USB_Device_Library/Class/CDC/Src/usbd_cdc.o
 .ARM.attributes
                0x000000000000037f       0x34 ./Middlewares/ST/STM32_USB_Device_Library/Core/Src/usbd_core.o
 .ARM.attributes
                0x00000000000003b3       0x34 ./Middlewares/ST/STM32_USB_Device_Library/Core/Src/usbd_ctlreq.o
 .ARM.attributes
                0x00000000000003e7       0x34 ./Middlewares/ST/STM32_USB_Device_Library/Core/Src/usbd_ioreq.o
 .ARM.attributes
                0x000000000000041b       0x34 ./USB_DEVICE/App/usb_device.o
 .ARM.attributes
                0x000000000000044f       0x34 ./USB_DEVICE/App/usbd_desc.o
 .ARM.attributes
                0x0000000000000483       0x34 ./USB_DEVICE/Target/usbd_conf.o
 .ARM.attributes
                0x00000000000004b7       0x34 /Applications/STM32CubeIDE.app/Contents/Eclipse/plugins/com.st.stm32cube.ide.mcu.externaltools.gnu-tools-for-stm32.10.3-2021.10.macos64_1.0.0.202111181127/tools/bin/../lib/gcc/arm-none-eabi/10.3.1/../../../../arm-none-eabi/lib/thumb/v7e-m+fp/hard/libc_nano.a(lib_a-init.o)
 .ARM.attributes
                0x00000000000004eb       0x34 /Applications/STM32CubeIDE.app/Contents/Eclipse/plugins/com.st.stm32cube.ide.mcu.externaltools.gnu-tools-for-stm32.10.3-2021.10.macos64_1.0.0.202111181127/tools/bin/../lib/gcc/arm-none-eabi/10.3.1/../../../../arm-none-eabi/lib/thumb/v7e-m+fp/hard/libc_nano.a(lib_a-memcpy-stub.o)
 .ARM.attributes
                0x000000000000051f       0x34 /Applications/STM32CubeIDE.app/Contents/Eclipse/plugins/com.st.stm32cube.ide.mcu.externaltools.gnu-tools-for-stm32.10.3-2021.10.macos64_1.0.0.202111181127/tools/bin/../lib/gcc/arm-none-eabi/10.3.1/../../../../arm-none-eabi/lib/thumb/v7e-m+fp/hard/libc_nano.a(lib_a-memset.o)
 .ARM.attributes
                0x0000000000000553       0x1e /Applications/STM32CubeIDE.app/Contents/Eclipse/plugins/com.st.stm32cube.ide.mcu.externaltools.gnu-tools-for-stm32.10.3-2021.10.macos64_1.0.0.202111181127/tools/bin/../lib/gcc/arm-none-eabi/10.3.1/thumb/v7e-m+fp/hard/libgcc.a(_aeabi_uldivmod.o)
 .ARM.attributes
                0x0000000000000571       0x34 /Applications/STM32CubeIDE.app/Contents/Eclipse/plugins/com.st.stm32cube.ide.mcu.externaltools.gnu-tools-for-stm32.10.3-2021.10.macos64_1.0.0.202111181127/tools/bin/../lib/gcc/arm-none-eabi/10.3.1/thumb/v7e-m+fp/hard/libgcc.a(_udivmoddi4.o)
 .ARM.attributes
                0x00000000000005a5       0x1e /Applications/STM32CubeIDE.app/Contents/Eclipse/plugins/com.st.stm32cube.ide.mcu.externaltools.gnu-tools-for-stm32.10.3-2021.10.macos64_1.0.0.202111181127/tools/bin/../lib/gcc/arm-none-eabi/10.3.1/thumb/v7e-m+fp/hard/libgcc.a(_dvmd_tls.o)
 .ARM.attributes
                0x00000000000005c3       0x1e /Applications/STM32CubeIDE.app/Contents/Eclipse/plugins/com.st.stm32cube.ide.mcu.externaltools.gnu-tools-for-stm32.10.3-2021.10.macos64_1.0.0.202111181127/tools/bin/../lib/gcc/arm-none-eabi/10.3.1/thumb/v7e-m+fp/hard/crtn.o
OUTPUT(fc-communication.elf elf32-littlearm)
LOAD linker stubs
LOAD /Applications/STM32CubeIDE.app/Contents/Eclipse/plugins/com.st.stm32cube.ide.mcu.externaltools.gnu-tools-for-stm32.10.3-2021.10.macos64_1.0.0.202111181127/tools/bin/../lib/gcc/arm-none-eabi/10.3.1/../../../../arm-none-eabi/lib/thumb/v7e-m+fp/hard/libc.a
LOAD /Applications/STM32CubeIDE.app/Contents/Eclipse/plugins/com.st.stm32cube.ide.mcu.externaltools.gnu-tools-for-stm32.10.3-2021.10.macos64_1.0.0.202111181127/tools/bin/../lib/gcc/arm-none-eabi/10.3.1/../../../../arm-none-eabi/lib/thumb/v7e-m+fp/hard/libm.a
LOAD /Applications/STM32CubeIDE.app/Contents/Eclipse/plugins/com.st.stm32cube.ide.mcu.externaltools.gnu-tools-for-stm32.10.3-2021.10.macos64_1.0.0.202111181127/tools/bin/../lib/gcc/arm-none-eabi/10.3.1/thumb/v7e-m+fp/hard/libgcc.a

.debug_info     0x0000000000000000    0x12cca
 .debug_info    0x0000000000000000     0x1380 ./Core/Src/main.o
 .debug_info    0x0000000000001380      0x9ab ./Core/Src/stm32f4xx_hal_msp.o
 .debug_info    0x0000000000001d2b      0x6b8 ./Core/Src/stm32f4xx_it.o
 .debug_info    0x00000000000023e3      0x55b ./Core/Src/system_stm32f4xx.o
 .debug_info    0x000000000000293e      0xabd ./Core/Src/usbd_cdc_if.o
 .debug_info    0x00000000000033fb       0x22 ./Core/Startup/startup_stm32f446retx.o
 .debug_info    0x000000000000341d      0x9d2 ./Drivers/STM32F4xx_HAL_Driver/Src/stm32f4xx_hal.o
 .debug_info    0x0000000000003def      0xe39 ./Drivers/STM32F4xx_HAL_Driver/Src/stm32f4xx_hal_cortex.o
 .debug_info    0x0000000000004c28      0x7be ./Drivers/STM32F4xx_HAL_Driver/Src/stm32f4xx_hal_gpio.o
 .debug_info    0x00000000000053e6     0x1605 ./Drivers/STM32F4xx_HAL_Driver/Src/stm32f4xx_hal_pcd.o
 .debug_info    0x00000000000069eb      0x7cb ./Drivers/STM32F4xx_HAL_Driver/Src/stm32f4xx_hal_pcd_ex.o
 .debug_info    0x00000000000071b6      0x9ab ./Drivers/STM32F4xx_HAL_Driver/Src/stm32f4xx_hal_rcc.o
 .debug_info    0x0000000000007b61      0x9ec ./Drivers/STM32F4xx_HAL_Driver/Src/stm32f4xx_hal_rcc_ex.o
 .debug_info    0x000000000000854d     0x319b ./Drivers/STM32F4xx_HAL_Driver/Src/stm32f4xx_hal_uart.o
 .debug_info    0x000000000000b6e8     0x1a56 ./Drivers/STM32F4xx_HAL_Driver/Src/stm32f4xx_ll_usb.o
 .debug_info    0x000000000000d13e     0x11a8 ./Middlewares/ST/STM32_USB_Device_Library/Class/CDC/Src/usbd_cdc.o
 .debug_info    0x000000000000e2e6      0xbcd ./Middlewares/ST/STM32_USB_Device_Library/Core/Src/usbd_core.o
 .debug_info    0x000000000000eeb3      0xae0 ./Middlewares/ST/STM32_USB_Device_Library/Core/Src/usbd_ctlreq.o
 .debug_info    0x000000000000f993      0x78f ./Middlewares/ST/STM32_USB_Device_Library/Core/Src/usbd_ioreq.o
 .debug_info    0x0000000000010122      0x71f ./USB_DEVICE/App/usb_device.o
 .debug_info    0x0000000000010841      0x503 ./USB_DEVICE/App/usbd_desc.o
 .debug_info    0x0000000000010d44     0x1f86 ./USB_DEVICE/Target/usbd_conf.o

.debug_abbrev   0x0000000000000000     0x2fba
 .debug_abbrev  0x0000000000000000      0x2db ./Core/Src/main.o
 .debug_abbrev  0x00000000000002db      0x1a9 ./Core/Src/stm32f4xx_hal_msp.o
 .debug_abbrev  0x0000000000000484      0x1e2 ./Core/Src/stm32f4xx_it.o
 .debug_abbrev  0x0000000000000666      0x116 ./Core/Src/system_stm32f4xx.o
 .debug_abbrev  0x000000000000077c      0x2f6 ./Core/Src/usbd_cdc_if.o
 .debug_abbrev  0x0000000000000a72       0x12 ./Core/Startup/startup_stm32f446retx.o
 .debug_abbrev  0x0000000000000a84      0x20d ./Drivers/STM32F4xx_HAL_Driver/Src/stm32f4xx_hal.o
 .debug_abbrev  0x0000000000000c91      0x316 ./Drivers/STM32F4xx_HAL_Driver/Src/stm32f4xx_hal_cortex.o
 .debug_abbrev  0x0000000000000fa7      0x1c4 ./Drivers/STM32F4xx_HAL_Driver/Src/stm32f4xx_hal_gpio.o
 .debug_abbrev  0x000000000000116b      0x2d2 ./Drivers/STM32F4xx_HAL_Driver/Src/stm32f4xx_hal_pcd.o
 .debug_abbrev  0x000000000000143d      0x1ce ./Drivers/STM32F4xx_HAL_Driver/Src/stm32f4xx_hal_pcd_ex.o
 .debug_abbrev  0x000000000000160b      0x2aa ./Drivers/STM32F4xx_HAL_Driver/Src/stm32f4xx_hal_rcc.o
 .debug_abbrev  0x00000000000018b5      0x1fb ./Drivers/STM32F4xx_HAL_Driver/Src/stm32f4xx_hal_rcc_ex.o
 .debug_abbrev  0x0000000000001ab0      0x2ed ./Drivers/STM32F4xx_HAL_Driver/Src/stm32f4xx_hal_uart.o
 .debug_abbrev  0x0000000000001d9d      0x296 ./Drivers/STM32F4xx_HAL_Driver/Src/stm32f4xx_ll_usb.o
 .debug_abbrev  0x0000000000002033      0x2b5 ./Middlewares/ST/STM32_USB_Device_Library/Class/CDC/Src/usbd_cdc.o
 .debug_abbrev  0x00000000000022e8      0x23d ./Middlewares/ST/STM32_USB_Device_Library/Core/Src/usbd_core.o
 .debug_abbrev  0x0000000000002525      0x26d ./Middlewares/ST/STM32_USB_Device_Library/Core/Src/usbd_ctlreq.o
 .debug_abbrev  0x0000000000002792      0x19b ./Middlewares/ST/STM32_USB_Device_Library/Core/Src/usbd_ioreq.o
 .debug_abbrev  0x000000000000292d      0x19b ./USB_DEVICE/App/usb_device.o
 .debug_abbrev  0x0000000000002ac8      0x1da ./USB_DEVICE/App/usbd_desc.o
 .debug_abbrev  0x0000000000002ca2      0x318 ./USB_DEVICE/Target/usbd_conf.o

.debug_aranges  0x0000000000000000      0xde0
 .debug_aranges
                0x0000000000000000       0x58 ./Core/Src/main.o
 .debug_aranges
                0x0000000000000058       0x30 ./Core/Src/stm32f4xx_hal_msp.o
 .debug_aranges
                0x0000000000000088       0x68 ./Core/Src/stm32f4xx_it.o
 .debug_aranges
                0x00000000000000f0       0x28 ./Core/Src/system_stm32f4xx.o
 .debug_aranges
                0x0000000000000118       0x60 ./Core/Src/usbd_cdc_if.o
 .debug_aranges
                0x0000000000000178       0x28 ./Core/Startup/startup_stm32f446retx.o
 .debug_aranges
                0x00000000000001a0       0xf0 ./Drivers/STM32F4xx_HAL_Driver/Src/stm32f4xx_hal.o
 .debug_aranges
                0x0000000000000290      0x118 ./Drivers/STM32F4xx_HAL_Driver/Src/stm32f4xx_hal_cortex.o
 .debug_aranges
                0x00000000000003a8       0x58 ./Drivers/STM32F4xx_HAL_Driver/Src/stm32f4xx_hal_gpio.o
 .debug_aranges
                0x0000000000000400      0x138 ./Drivers/STM32F4xx_HAL_Driver/Src/stm32f4xx_hal_pcd.o
 .debug_aranges
                0x0000000000000538       0x48 ./Drivers/STM32F4xx_HAL_Driver/Src/stm32f4xx_hal_pcd_ex.o
 .debug_aranges
                0x0000000000000580       0x88 ./Drivers/STM32F4xx_HAL_Driver/Src/stm32f4xx_hal_rcc.o
 .debug_aranges
                0x0000000000000608       0x78 ./Drivers/STM32F4xx_HAL_Driver/Src/stm32f4xx_hal_rcc_ex.o
 .debug_aranges
                0x0000000000000680      0x200 ./Drivers/STM32F4xx_HAL_Driver/Src/stm32f4xx_hal_uart.o
 .debug_aranges
                0x0000000000000880      0x198 ./Drivers/STM32F4xx_HAL_Driver/Src/stm32f4xx_ll_usb.o
 .debug_aranges
                0x0000000000000a18       0x90 ./Middlewares/ST/STM32_USB_Device_Library/Class/CDC/Src/usbd_cdc.o
 .debug_aranges
                0x0000000000000aa8       0xb8 ./Middlewares/ST/STM32_USB_Device_Library/Core/Src/usbd_core.o
 .debug_aranges
                0x0000000000000b60       0x90 ./Middlewares/ST/STM32_USB_Device_Library/Core/Src/usbd_ctlreq.o
 .debug_aranges
                0x0000000000000bf0       0x50 ./Middlewares/ST/STM32_USB_Device_Library/Core/Src/usbd_ioreq.o
 .debug_aranges
                0x0000000000000c40       0x20 ./USB_DEVICE/App/usb_device.o
 .debug_aranges
                0x0000000000000c60       0x68 ./USB_DEVICE/App/usbd_desc.o
 .debug_aranges
                0x0000000000000cc8      0x118 ./USB_DEVICE/Target/usbd_conf.o

.debug_ranges   0x0000000000000000      0xcd0
 .debug_ranges  0x0000000000000000       0x48 ./Core/Src/main.o
 .debug_ranges  0x0000000000000048       0x20 ./Core/Src/stm32f4xx_hal_msp.o
 .debug_ranges  0x0000000000000068       0x58 ./Core/Src/stm32f4xx_it.o
 .debug_ranges  0x00000000000000c0       0x18 ./Core/Src/system_stm32f4xx.o
 .debug_ranges  0x00000000000000d8       0x68 ./Core/Src/usbd_cdc_if.o
 .debug_ranges  0x0000000000000140       0x20 ./Core/Startup/startup_stm32f446retx.o
 .debug_ranges  0x0000000000000160       0xe0 ./Drivers/STM32F4xx_HAL_Driver/Src/stm32f4xx_hal.o
 .debug_ranges  0x0000000000000240      0x108 ./Drivers/STM32F4xx_HAL_Driver/Src/stm32f4xx_hal_cortex.o
 .debug_ranges  0x0000000000000348       0x48 ./Drivers/STM32F4xx_HAL_Driver/Src/stm32f4xx_hal_gpio.o
 .debug_ranges  0x0000000000000390      0x128 ./Drivers/STM32F4xx_HAL_Driver/Src/stm32f4xx_hal_pcd.o
 .debug_ranges  0x00000000000004b8       0x38 ./Drivers/STM32F4xx_HAL_Driver/Src/stm32f4xx_hal_pcd_ex.o
 .debug_ranges  0x00000000000004f0       0x78 ./Drivers/STM32F4xx_HAL_Driver/Src/stm32f4xx_hal_rcc.o
 .debug_ranges  0x0000000000000568       0x68 ./Drivers/STM32F4xx_HAL_Driver/Src/stm32f4xx_hal_rcc_ex.o
 .debug_ranges  0x00000000000005d0      0x220 ./Drivers/STM32F4xx_HAL_Driver/Src/stm32f4xx_hal_uart.o
 .debug_ranges  0x00000000000007f0      0x188 ./Drivers/STM32F4xx_HAL_Driver/Src/stm32f4xx_ll_usb.o
 .debug_ranges  0x0000000000000978       0x80 ./Middlewares/ST/STM32_USB_Device_Library/Class/CDC/Src/usbd_cdc.o
 .debug_ranges  0x00000000000009f8       0xa8 ./Middlewares/ST/STM32_USB_Device_Library/Core/Src/usbd_core.o
 .debug_ranges  0x0000000000000aa0       0x80 ./Middlewares/ST/STM32_USB_Device_Library/Core/Src/usbd_ctlreq.o
 .debug_ranges  0x0000000000000b20       0x40 ./Middlewares/ST/STM32_USB_Device_Library/Core/Src/usbd_ioreq.o
 .debug_ranges  0x0000000000000b60       0x10 ./USB_DEVICE/App/usb_device.o
 .debug_ranges  0x0000000000000b70       0x58 ./USB_DEVICE/App/usbd_desc.o
 .debug_ranges  0x0000000000000bc8      0x108 ./USB_DEVICE/Target/usbd_conf.o

.debug_macro    0x0000000000000000    0x24267
 .debug_macro   0x0000000000000000      0x42c ./Core/Src/main.o
 .debug_macro   0x000000000000042c      0xa78 ./Core/Src/main.o
 .debug_macro   0x0000000000000ea4      0x29b ./Core/Src/main.o
 .debug_macro   0x000000000000113f       0x2e ./Core/Src/main.o
 .debug_macro   0x000000000000116d       0x28 ./Core/Src/main.o
 .debug_macro   0x0000000000001195       0x22 ./Core/Src/main.o
 .debug_macro   0x00000000000011b7       0x8e ./Core/Src/main.o
 .debug_macro   0x0000000000001245       0x51 ./Core/Src/main.o
 .debug_macro   0x0000000000001296      0x103 ./Core/Src/main.o
 .debug_macro   0x0000000000001399       0x6a ./Core/Src/main.o
 .debug_macro   0x0000000000001403      0x1df ./Core/Src/main.o
 .debug_macro   0x00000000000015e2       0x1c ./Core/Src/main.o
 .debug_macro   0x00000000000015fe       0x22 ./Core/Src/main.o
 .debug_macro   0x0000000000001620       0xd9 ./Core/Src/main.o
 .debug_macro   0x00000000000016f9     0x102d ./Core/Src/main.o
 .debug_macro   0x0000000000002726      0x11f ./Core/Src/main.o
 .debug_macro   0x0000000000002845    0x16749 ./Core/Src/main.o
 .debug_macro   0x0000000000018f8e       0x6d ./Core/Src/main.o
 .debug_macro   0x0000000000018ffb     0x3666 ./Core/Src/main.o
 .debug_macro   0x000000000001c661      0x174 ./Core/Src/main.o
 .debug_macro   0x000000000001c7d5       0x5c ./Core/Src/main.o
 .debug_macro   0x000000000001c831      0xc90 ./Core/Src/main.o
 .debug_macro   0x000000000001d4c1      0x9fe ./Core/Src/main.o
 .debug_macro   0x000000000001debf      0x116 ./Core/Src/main.o
 .debug_macro   0x000000000001dfd5      0x1a0 ./Core/Src/main.o
 .debug_macro   0x000000000001e175       0xa5 ./Core/Src/main.o
 .debug_macro   0x000000000001e21a      0x16d ./Core/Src/main.o
 .debug_macro   0x000000000001e387      0x287 ./Core/Src/main.o
 .debug_macro   0x000000000001e60e       0x5f ./Core/Src/main.o
 .debug_macro   0x000000000001e66d      0x236 ./Core/Src/main.o
 .debug_macro   0x000000000001e8a3      0x132 ./Core/Src/main.o
 .debug_macro   0x000000000001e9d5      0x29c ./Core/Src/main.o
 .debug_macro   0x000000000001ec71       0x2e ./Core/Src/main.o
 .debug_macro   0x000000000001ec9f      0x11a ./Core/Src/main.o
 .debug_macro   0x000000000001edb9       0xe8 ./Core/Src/main.o
 .debug_macro   0x000000000001eea1       0x89 ./Core/Src/main.o
 .debug_macro   0x000000000001ef2a      0x295 ./Core/Src/main.o
 .debug_macro   0x000000000001f1bf      0x21e ./Core/Src/main.o
 .debug_macro   0x000000000001f3dd       0xba ./Core/Src/main.o
 .debug_macro   0x000000000001f497      0x126 ./Core/Src/main.o
 .debug_macro   0x000000000001f5bd       0x58 ./Core/Src/main.o
 .debug_macro   0x000000000001f615       0x52 ./Core/Src/main.o
 .debug_macro   0x000000000001f667       0x1e ./Core/Src/main.o
 .debug_macro   0x000000000001f685       0x3c ./Core/Src/main.o
 .debug_macro   0x000000000001f6c1       0x34 ./Core/Src/main.o
 .debug_macro   0x000000000001f6f5       0x16 ./Core/Src/main.o
 .debug_macro   0x000000000001f70b       0x35 ./Core/Src/main.o
 .debug_macro   0x000000000001f740      0x341 ./Core/Src/main.o
 .debug_macro   0x000000000001fa81       0x10 ./Core/Src/main.o
 .debug_macro   0x000000000001fa91       0x16 ./Core/Src/main.o
 .debug_macro   0x000000000001faa7       0x43 ./Core/Src/main.o
 .debug_macro   0x000000000001faea       0x34 ./Core/Src/main.o
 .debug_macro   0x000000000001fb1e       0x10 ./Core/Src/main.o
 .debug_macro   0x000000000001fb2e       0x58 ./Core/Src/main.o
 .debug_macro   0x000000000001fb86       0x71 ./Core/Src/main.o
 .debug_macro   0x000000000001fbf7       0x1c ./Core/Src/main.o
 .debug_macro   0x000000000001fc13      0x12a ./Core/Src/main.o
 .debug_macro   0x000000000001fd3d       0x10 ./Core/Src/main.o
 .debug_macro   0x000000000001fd4d       0x1c ./Core/Src/main.o
 .debug_macro   0x000000000001fd69       0x52 ./Core/Src/main.o
 .debug_macro   0x000000000001fdbb       0x22 ./Core/Src/main.o
 .debug_macro   0x000000000001fddd       0x10 ./Core/Src/main.o
 .debug_macro   0x000000000001fded       0x52 ./Core/Src/main.o
 .debug_macro   0x000000000001fe3f       0xd5 ./Core/Src/main.o
 .debug_macro   0x000000000001ff14       0x1c ./Core/Src/main.o
 .debug_macro   0x000000000001ff30       0x3d ./Core/Src/main.o
 .debug_macro   0x000000000001ff6d       0x16 ./Core/Src/main.o
 .debug_macro   0x000000000001ff83      0x145 ./Core/Src/main.o
 .debug_macro   0x00000000000200c8       0x16 ./Core/Src/main.o
 .debug_macro   0x00000000000200de       0x16 ./Core/Src/main.o
 .debug_macro   0x00000000000200f4       0x29 ./Core/Src/main.o
 .debug_macro   0x000000000002011d       0x16 ./Core/Src/main.o
 .debug_macro   0x0000000000020133       0x20 ./Core/Src/main.o
 .debug_macro   0x0000000000020153       0x65 ./Core/Src/main.o
 .debug_macro   0x00000000000201b8      0x1ef ./Core/Src/main.o
 .debug_macro   0x00000000000203a7       0x95 ./Core/Src/main.o
 .debug_macro   0x000000000002043c       0x10 ./Core/Src/main.o
 .debug_macro   0x000000000002044c      0x1ed ./Core/Src/stm32f4xx_hal_msp.o
 .debug_macro   0x0000000000020639      0x41e ./Core/Src/stm32f4xx_it.o
 .debug_macro   0x0000000000020a57      0x1de ./Core/Src/system_stm32f4xx.o
 .debug_macro   0x0000000000020c35      0x414 ./Core/Src/usbd_cdc_if.o
 .debug_macro   0x0000000000021049       0x97 ./Core/Src/usbd_cdc_if.o
 .debug_macro   0x00000000000210e0       0xfd ./Core/Src/usbd_cdc_if.o
 .debug_macro   0x00000000000211dd       0x56 ./Core/Src/usbd_cdc_if.o
 .debug_macro   0x0000000000021233      0x23e ./Drivers/STM32F4xx_HAL_Driver/Src/stm32f4xx_hal.o
 .debug_macro   0x0000000000021471      0x1de ./Drivers/STM32F4xx_HAL_Driver/Src/stm32f4xx_hal_cortex.o
 .debug_macro   0x000000000002164f      0x1e4 ./Drivers/STM32F4xx_HAL_Driver/Src/stm32f4xx_hal_gpio.o
 .debug_macro   0x0000000000021833      0x1ea ./Drivers/STM32F4xx_HAL_Driver/Src/stm32f4xx_hal_pcd.o
 .debug_macro   0x0000000000021a1d      0x1de ./Drivers/STM32F4xx_HAL_Driver/Src/stm32f4xx_hal_pcd_ex.o
 .debug_macro   0x0000000000021bfb      0x202 ./Drivers/STM32F4xx_HAL_Driver/Src/stm32f4xx_hal_rcc.o
 .debug_macro   0x0000000000021dfd      0x1de ./Drivers/STM32F4xx_HAL_Driver/Src/stm32f4xx_hal_rcc_ex.o
 .debug_macro   0x0000000000021fdb      0x1df ./Drivers/STM32F4xx_HAL_Driver/Src/stm32f4xx_hal_uart.o
 .debug_macro   0x00000000000221ba      0x1de ./Drivers/STM32F4xx_HAL_Driver/Src/stm32f4xx_ll_usb.o
 .debug_macro   0x0000000000022398      0x403 ./Middlewares/ST/STM32_USB_Device_Library/Class/CDC/Src/usbd_cdc.o
 .debug_macro   0x000000000002279b      0x3ea ./Middlewares/ST/STM32_USB_Device_Library/Core/Src/usbd_core.o
 .debug_macro   0x0000000000022b85      0x1f5 ./Middlewares/ST/STM32_USB_Device_Library/Core/Src/usbd_core.o
 .debug_macro   0x0000000000022d7a      0x3f4 ./Middlewares/ST/STM32_USB_Device_Library/Core/Src/usbd_ctlreq.o
 .debug_macro   0x000000000002316e      0x3f0 ./Middlewares/ST/STM32_USB_Device_Library/Core/Src/usbd_ioreq.o
 .debug_macro   0x000000000002355e      0x423 ./USB_DEVICE/App/usb_device.o
 .debug_macro   0x0000000000023981       0x5e ./USB_DEVICE/App/usb_device.o
 .debug_macro   0x00000000000239df       0x22 ./USB_DEVICE/App/usb_device.o
 .debug_macro   0x0000000000023a01       0x16 ./USB_DEVICE/App/usb_device.o
 .debug_macro   0x0000000000023a17      0x42d ./USB_DEVICE/App/usbd_desc.o
 .debug_macro   0x0000000000023e44       0x1c ./USB_DEVICE/App/usbd_desc.o
 .debug_macro   0x0000000000023e60      0x407 ./USB_DEVICE/Target/usbd_conf.o

.debug_line     0x0000000000000000    0x1395c
 .debug_line    0x0000000000000000     0x1436 ./Core/Src/main.o
 .debug_line    0x0000000000001436      0x74b ./Core/Src/stm32f4xx_hal_msp.o
 .debug_line    0x0000000000001b81      0xb06 ./Core/Src/stm32f4xx_it.o
 .debug_line    0x0000000000002687      0x77f ./Core/Src/system_stm32f4xx.o
 .debug_line    0x0000000000002e06      0xc30 ./Core/Src/usbd_cdc_if.o
 .debug_line    0x0000000000003a36       0x88 ./Core/Startup/startup_stm32f446retx.o
 .debug_line    0x0000000000003abe      0x9e5 ./Drivers/STM32F4xx_HAL_Driver/Src/stm32f4xx_hal.o
 .debug_line    0x00000000000044a3      0xc94 ./Drivers/STM32F4xx_HAL_Driver/Src/stm32f4xx_hal_cortex.o
 .debug_line    0x0000000000005137      0xb47 ./Drivers/STM32F4xx_HAL_Driver/Src/stm32f4xx_hal_gpio.o
 .debug_line    0x0000000000005c7e     0x1359 ./Drivers/STM32F4xx_HAL_Driver/Src/stm32f4xx_hal_pcd.o
 .debug_line    0x0000000000006fd7      0x80f ./Drivers/STM32F4xx_HAL_Driver/Src/stm32f4xx_hal_pcd_ex.o
 .debug_line    0x00000000000077e6      0xd6d ./Drivers/STM32F4xx_HAL_Driver/Src/stm32f4xx_hal_rcc.o
 .debug_line    0x0000000000008553     0x13f8 ./Drivers/STM32F4xx_HAL_Driver/Src/stm32f4xx_hal_rcc_ex.o
 .debug_line    0x000000000000994b     0x2a6c ./Drivers/STM32F4xx_HAL_Driver/Src/stm32f4xx_hal_uart.o
 .debug_line    0x000000000000c3b7     0x1978 ./Drivers/STM32F4xx_HAL_Driver/Src/stm32f4xx_ll_usb.o
 .debug_line    0x000000000000dd2f      0xdd3 ./Middlewares/ST/STM32_USB_Device_Library/Class/CDC/Src/usbd_cdc.o
 .debug_line    0x000000000000eb02      0xe56 ./Middlewares/ST/STM32_USB_Device_Library/Core/Src/usbd_core.o
 .debug_line    0x000000000000f958     0x10f6 ./Middlewares/ST/STM32_USB_Device_Library/Core/Src/usbd_ctlreq.o
 .debug_line    0x0000000000010a4e      0xaad ./Middlewares/ST/STM32_USB_Device_Library/Core/Src/usbd_ioreq.o
 .debug_line    0x00000000000114fb      0xa69 ./USB_DEVICE/App/usb_device.o
 .debug_line    0x0000000000011f64      0xb4d ./USB_DEVICE/App/usbd_desc.o
 .debug_line    0x0000000000012ab1      0xeab ./USB_DEVICE/Target/usbd_conf.o

.debug_str      0x0000000000000000    0xcc655
 .debug_str     0x0000000000000000    0xc887a ./Core/Src/main.o
                                      0xc8bd4 (size before relaxing)
 .debug_str     0x00000000000c887a       0x83 ./Core/Src/stm32f4xx_hal_msp.o
                                      0xc37dc (size before relaxing)
 .debug_str     0x00000000000c88fd      0x45e ./Core/Src/stm32f4xx_it.o
                                      0xc825d (size before relaxing)
 .debug_str     0x00000000000c8d5b       0xdb ./Core/Src/system_stm32f4xx.o
                                      0xc3252 (size before relaxing)
 .debug_str     0x00000000000c8e36      0x563 ./Core/Src/usbd_cdc_if.o
                                      0xc8413 (size before relaxing)
 .debug_str     0x00000000000c9399       0x36 ./Core/Startup/startup_stm32f446retx.o
                                         0x78 (size before relaxing)
 .debug_str     0x00000000000c93cf      0xb11 ./Drivers/STM32F4xx_HAL_Driver/Src/stm32f4xx_hal.o
                                      0xc3e17 (size before relaxing)
 .debug_str     0x00000000000c9ee0      0x34f ./Drivers/STM32F4xx_HAL_Driver/Src/stm32f4xx_hal_cortex.o
                                      0xc3b25 (size before relaxing)
 .debug_str     0x00000000000ca22f      0x121 ./Drivers/STM32F4xx_HAL_Driver/Src/stm32f4xx_hal_gpio.o
                                      0xc33cd (size before relaxing)
 .debug_str     0x00000000000ca350      0x809 ./Drivers/STM32F4xx_HAL_Driver/Src/stm32f4xx_hal_pcd.o
                                      0xc3ce0 (size before relaxing)
 .debug_str     0x00000000000cab59      0x12d ./Drivers/STM32F4xx_HAL_Driver/Src/stm32f4xx_hal_pcd_ex.o
                                      0xc3620 (size before relaxing)
 .debug_str     0x00000000000cac86      0x21f ./Drivers/STM32F4xx_HAL_Driver/Src/stm32f4xx_hal_rcc.o
                                      0xc368b (size before relaxing)
 .debug_str     0x00000000000caea5      0x324 ./Drivers/STM32F4xx_HAL_Driver/Src/stm32f4xx_hal_rcc_ex.o
                                      0xc36be (size before relaxing)
 .debug_str     0x00000000000cb1c9      0x63d ./Drivers/STM32F4xx_HAL_Driver/Src/stm32f4xx_hal_uart.o
                                      0xc3c00 (size before relaxing)
 .debug_str     0x00000000000cb806      0x42f ./Drivers/STM32F4xx_HAL_Driver/Src/stm32f4xx_ll_usb.o
                                      0xc3b65 (size before relaxing)
 .debug_str     0x00000000000cbc35      0x254 ./Middlewares/ST/STM32_USB_Device_Library/Class/CDC/Src/usbd_cdc.o
                                      0xc8885 (size before relaxing)
 .debug_str     0x00000000000cbe89      0x281 ./Middlewares/ST/STM32_USB_Device_Library/Core/Src/usbd_core.o
                                      0xc812d (size before relaxing)
 .debug_str     0x00000000000cc10a      0x139 ./Middlewares/ST/STM32_USB_Device_Library/Core/Src/usbd_ctlreq.o
                                      0xc807f (size before relaxing)
 .debug_str     0x00000000000cc243       0x51 ./Middlewares/ST/STM32_USB_Device_Library/Core/Src/usbd_ioreq.o
                                      0xc7f74 (size before relaxing)
 .debug_str     0x00000000000cc294       0xa2 ./USB_DEVICE/App/usb_device.o
                                      0xc8327 (size before relaxing)
 .debug_str     0x00000000000cc336      0x298 ./USB_DEVICE/App/usbd_desc.o
                                      0xc7ec1 (size before relaxing)
 .debug_str     0x00000000000cc5ce       0x87 ./USB_DEVICE/Target/usbd_conf.o
                                      0xc93ee (size before relaxing)

.comment        0x0000000000000000       0x50
 .comment       0x0000000000000000       0x50 ./Core/Src/main.o
                                         0x51 (size before relaxing)
 .comment       0x0000000000000050       0x51 ./Core/Src/stm32f4xx_hal_msp.o
 .comment       0x0000000000000050       0x51 ./Core/Src/stm32f4xx_it.o
 .comment       0x0000000000000050       0x51 ./Core/Src/system_stm32f4xx.o
 .comment       0x0000000000000050       0x51 ./Core/Src/usbd_cdc_if.o
 .comment       0x0000000000000050       0x51 ./Drivers/STM32F4xx_HAL_Driver/Src/stm32f4xx_hal.o
 .comment       0x0000000000000050       0x51 ./Drivers/STM32F4xx_HAL_Driver/Src/stm32f4xx_hal_cortex.o
 .comment       0x0000000000000050       0x51 ./Drivers/STM32F4xx_HAL_Driver/Src/stm32f4xx_hal_gpio.o
 .comment       0x0000000000000050       0x51 ./Drivers/STM32F4xx_HAL_Driver/Src/stm32f4xx_hal_pcd.o
 .comment       0x0000000000000050       0x51 ./Drivers/STM32F4xx_HAL_Driver/Src/stm32f4xx_hal_pcd_ex.o
 .comment       0x0000000000000050       0x51 ./Drivers/STM32F4xx_HAL_Driver/Src/stm32f4xx_hal_rcc.o
 .comment       0x0000000000000050       0x51 ./Drivers/STM32F4xx_HAL_Driver/Src/stm32f4xx_hal_rcc_ex.o
 .comment       0x0000000000000050       0x51 ./Drivers/STM32F4xx_HAL_Driver/Src/stm32f4xx_hal_uart.o
 .comment       0x0000000000000050       0x51 ./Drivers/STM32F4xx_HAL_Driver/Src/stm32f4xx_ll_usb.o
 .comment       0x0000000000000050       0x51 ./Middlewares/ST/STM32_USB_Device_Library/Class/CDC/Src/usbd_cdc.o
 .comment       0x0000000000000050       0x51 ./Middlewares/ST/STM32_USB_Device_Library/Core/Src/usbd_core.o
 .comment       0x0000000000000050       0x51 ./Middlewares/ST/STM32_USB_Device_Library/Core/Src/usbd_ctlreq.o
 .comment       0x0000000000000050       0x51 ./Middlewares/ST/STM32_USB_Device_Library/Core/Src/usbd_ioreq.o
 .comment       0x0000000000000050       0x51 ./USB_DEVICE/App/usb_device.o
 .comment       0x0000000000000050       0x51 ./USB_DEVICE/App/usbd_desc.o
 .comment       0x0000000000000050       0x51 ./USB_DEVICE/Target/usbd_conf.o

.debug_frame    0x0000000000000000     0x3868
 .debug_frame   0x0000000000000000      0x104 ./Core/Src/main.o
 .debug_frame   0x0000000000000104       0x7c ./Core/Src/stm32f4xx_hal_msp.o
 .debug_frame   0x0000000000000180      0x120 ./Core/Src/stm32f4xx_it.o
 .debug_frame   0x00000000000002a0       0x58 ./Core/Src/system_stm32f4xx.o
 .debug_frame   0x00000000000002f8      0x154 ./Core/Src/usbd_cdc_if.o
 .debug_frame   0x000000000000044c      0x374 ./Drivers/STM32F4xx_HAL_Driver/Src/stm32f4xx_hal.o
 .debug_frame   0x00000000000007c0      0x498 ./Drivers/STM32F4xx_HAL_Driver/Src/stm32f4xx_hal_cortex.o
 .debug_frame   0x0000000000000c58      0x14c ./Drivers/STM32F4xx_HAL_Driver/Src/stm32f4xx_hal_gpio.o
 .debug_frame   0x0000000000000da4      0x574 ./Drivers/STM32F4xx_HAL_Driver/Src/stm32f4xx_hal_pcd.o
 .debug_frame   0x0000000000001318      0x100 ./Drivers/STM32F4xx_HAL_Driver/Src/stm32f4xx_hal_pcd_ex.o
 .debug_frame   0x0000000000001418      0x1f4 ./Drivers/STM32F4xx_HAL_Driver/Src/stm32f4xx_hal_rcc.o
 .debug_frame   0x000000000000160c      0x1e8 ./Drivers/STM32F4xx_HAL_Driver/Src/stm32f4xx_hal_rcc_ex.o
 .debug_frame   0x00000000000017f4      0x92c ./Drivers/STM32F4xx_HAL_Driver/Src/stm32f4xx_hal_uart.o
 .debug_frame   0x0000000000002120      0x798 ./Drivers/STM32F4xx_HAL_Driver/Src/stm32f4xx_ll_usb.o
 .debug_frame   0x00000000000028b8      0x248 ./Middlewares/ST/STM32_USB_Device_Library/Class/CDC/Src/usbd_cdc.o
 .debug_frame   0x0000000000002b00      0x2f4 ./Middlewares/ST/STM32_USB_Device_Library/Core/Src/usbd_core.o
 .debug_frame   0x0000000000002df4      0x23c ./Middlewares/ST/STM32_USB_Device_Library/Core/Src/usbd_ctlreq.o
 .debug_frame   0x0000000000003030      0x10c ./Middlewares/ST/STM32_USB_Device_Library/Core/Src/usbd_ioreq.o
 .debug_frame   0x000000000000313c       0x2c ./USB_DEVICE/App/usb_device.o
 .debug_frame   0x0000000000003168      0x188 ./USB_DEVICE/App/usbd_desc.o
 .debug_frame   0x00000000000032f0      0x4a4 ./USB_DEVICE/Target/usbd_conf.o