../Core/Src/usbd_cdc_if.c:153:15:CDC_Init_FS	8	static
../Core/Src/usbd_cdc_if.c:177:15:CDC_DeInit_FS	4	static
../Core/Src/usbd_cdc_if.c:191:15:CDC_Control_FS	16	static
../Core/Src/usbd_cdc_if.c:272:15:CDC_Receive_FS	16	static
../Core/Src/usbd_cdc_if.c:303:9:CDC_Transmit_FS	24	static
../Core/Src/usbd_cdc_if.c:329:15:CDC_TransmitCplt_FS	32	static
../Core/Src/usbd_cdc_if.c:341:5:vcp_send	24	static
../Core/Src/usbd_cdc_if.c:378:5:vcp_recv	24	static
../Core/Src/usbd_cdc_if.c:405:6:vcp_service	16	static
